Archive member included to satisfy reference by file (symbol)

g:/dokumenty/mkclipse/avr toolchain/bin/../lib/gcc/avr/4.9.2/avr5\libgcc.a(_mulsi3.o)
                              Release/bmp280.o (__mulsi3)
g:/dokumenty/mkclipse/avr toolchain/bin/../lib/gcc/avr/4.9.2/avr5\libgcc.a(_udivmodsi4.o)
                              Release/bmp280.o (__udivmodsi4)
g:/dokumenty/mkclipse/avr toolchain/bin/../lib/gcc/avr/4.9.2/avr5\libgcc.a(_exit.o)
                              g:/dokumenty/mkclipse/avr toolchain/bin/../lib/gcc/avr/4.9.2/../../../../avr/lib/avr5/crtatmega16a.o (exit)
g:/dokumenty/mkclipse/avr toolchain/bin/../lib/gcc/avr/4.9.2/avr5\libgcc.a(_tablejump2.o)
                              Release/rtc.o (__tablejump2__)
g:/dokumenty/mkclipse/avr toolchain/bin/../lib/gcc/avr/4.9.2/avr5\libgcc.a(_copy_data.o)
                              Release/bmp280.o (__do_copy_data)
g:/dokumenty/mkclipse/avr toolchain/bin/../lib/gcc/avr/4.9.2/avr5\libgcc.a(_muluhisi3.o)
                              Release/bmp280.o (__muluhisi3)
g:/dokumenty/mkclipse/avr toolchain/bin/../lib/gcc/avr/4.9.2/avr5\libgcc.a(_mulshisi3.o)
                              Release/bmp280.o (__mulshisi3)
g:/dokumenty/mkclipse/avr toolchain/bin/../lib/gcc/avr/4.9.2/avr5\libgcc.a(_muldi3.o)
                              Release/bmp280.o (__muldi3)
g:/dokumenty/mkclipse/avr toolchain/bin/../lib/gcc/avr/4.9.2/avr5\libgcc.a(_muldi3_6.o)
                              g:/dokumenty/mkclipse/avr toolchain/bin/../lib/gcc/avr/4.9.2/avr5\libgcc.a(_muldi3.o) (__muldi3_6)
g:/dokumenty/mkclipse/avr toolchain/bin/../lib/gcc/avr/4.9.2/avr5\libgcc.a(_divdi3.o)
                              Release/bmp280.o (__divdi3)
g:/dokumenty/mkclipse/avr toolchain/bin/../lib/gcc/avr/4.9.2/avr5\libgcc.a(_udivdi3.o)
                              g:/dokumenty/mkclipse/avr toolchain/bin/../lib/gcc/avr/4.9.2/avr5\libgcc.a(_divdi3.o) (__udivdi3_umoddi3)
g:/dokumenty/mkclipse/avr toolchain/bin/../lib/gcc/avr/4.9.2/avr5\libgcc.a(_udivmod64.o)
                              g:/dokumenty/mkclipse/avr toolchain/bin/../lib/gcc/avr/4.9.2/avr5\libgcc.a(_divdi3.o) (__udivmod64)
g:/dokumenty/mkclipse/avr toolchain/bin/../lib/gcc/avr/4.9.2/avr5\libgcc.a(_negdi2.o)
                              g:/dokumenty/mkclipse/avr toolchain/bin/../lib/gcc/avr/4.9.2/avr5\libgcc.a(_divdi3.o) (__negdi2)
g:/dokumenty/mkclipse/avr toolchain/bin/../lib/gcc/avr/4.9.2/avr5\libgcc.a(_prologue.o)
                              g:/dokumenty/mkclipse/avr toolchain/bin/../lib/gcc/avr/4.9.2/avr5\libgcc.a(_divdi3.o) (__prologue_saves__)
g:/dokumenty/mkclipse/avr toolchain/bin/../lib/gcc/avr/4.9.2/avr5\libgcc.a(_epilogue.o)
                              g:/dokumenty/mkclipse/avr toolchain/bin/../lib/gcc/avr/4.9.2/avr5\libgcc.a(_divdi3.o) (__epilogue_restores__)
g:/dokumenty/mkclipse/avr toolchain/bin/../lib/gcc/avr/4.9.2/avr5\libgcc.a(_ashldi3.o)
                              Release/bmp280.o (__ashldi3)
g:/dokumenty/mkclipse/avr toolchain/bin/../lib/gcc/avr/4.9.2/avr5\libgcc.a(_ashrdi3.o)
                              Release/bmp280.o (__ashrdi3)
g:/dokumenty/mkclipse/avr toolchain/bin/../lib/gcc/avr/4.9.2/avr5\libgcc.a(_adddi3.o)
                              Release/bmp280.o (__adddi3)
g:/dokumenty/mkclipse/avr toolchain/bin/../lib/gcc/avr/4.9.2/avr5\libgcc.a(_subdi3.o)
                              Release/bmp280.o (__subdi3)
g:/dokumenty/mkclipse/avr toolchain/bin/../lib/gcc/avr/4.9.2/avr5\libgcc.a(_cmpdi2_s8.o)
                              Release/bmp280.o (__cmpdi2_s8)
g:/dokumenty/mkclipse/avr toolchain/bin/../lib/gcc/avr/4.9.2/avr5\libgcc.a(_umulhisi3.o)
                              g:/dokumenty/mkclipse/avr toolchain/bin/../lib/gcc/avr/4.9.2/avr5\libgcc.a(_muluhisi3.o) (__umulhisi3)
g:/dokumenty/mkclipse/avr toolchain/bin/../lib/gcc/avr/4.9.2/../../../../avr/lib/avr5\libm.a(addsf3.o)
                              Release/bmp280.o (__subsf3)
g:/dokumenty/mkclipse/avr toolchain/bin/../lib/gcc/avr/4.9.2/../../../../avr/lib/avr5\libm.a(addsf3x.o)
                              g:/dokumenty/mkclipse/avr toolchain/bin/../lib/gcc/avr/4.9.2/../../../../avr/lib/avr5\libm.a(addsf3.o) (__addsf3x)
g:/dokumenty/mkclipse/avr toolchain/bin/../lib/gcc/avr/4.9.2/../../../../avr/lib/avr5\libm.a(cmpsf2.o)
                              Release/bmp280.o (__nesf2)
g:/dokumenty/mkclipse/avr toolchain/bin/../lib/gcc/avr/4.9.2/../../../../avr/lib/avr5\libm.a(divsf3.o)
                              Release/bmp280.o (__divsf3)
g:/dokumenty/mkclipse/avr toolchain/bin/../lib/gcc/avr/4.9.2/../../../../avr/lib/avr5\libm.a(divsf3x.o)
                              g:/dokumenty/mkclipse/avr toolchain/bin/../lib/gcc/avr/4.9.2/../../../../avr/lib/avr5\libm.a(divsf3.o) (__divsf3x)
g:/dokumenty/mkclipse/avr toolchain/bin/../lib/gcc/avr/4.9.2/../../../../avr/lib/avr5\libm.a(fixsfsi.o)
                              Release/bmp280.o (__fixsfsi)
g:/dokumenty/mkclipse/avr toolchain/bin/../lib/gcc/avr/4.9.2/../../../../avr/lib/avr5\libm.a(fixunssfsi.o)
                              g:/dokumenty/mkclipse/avr toolchain/bin/../lib/gcc/avr/4.9.2/../../../../avr/lib/avr5\libm.a(fixsfsi.o) (__fixunssfsi)
g:/dokumenty/mkclipse/avr toolchain/bin/../lib/gcc/avr/4.9.2/../../../../avr/lib/avr5\libm.a(floatsisf.o)
                              Release/bmp280.o (__floatunsisf)
g:/dokumenty/mkclipse/avr toolchain/bin/../lib/gcc/avr/4.9.2/../../../../avr/lib/avr5\libm.a(fp_cmp.o)
                              g:/dokumenty/mkclipse/avr toolchain/bin/../lib/gcc/avr/4.9.2/../../../../avr/lib/avr5\libm.a(cmpsf2.o) (__fp_cmp)
g:/dokumenty/mkclipse/avr toolchain/bin/../lib/gcc/avr/4.9.2/../../../../avr/lib/avr5\libm.a(fp_inf.o)
                              g:/dokumenty/mkclipse/avr toolchain/bin/../lib/gcc/avr/4.9.2/../../../../avr/lib/avr5\libm.a(addsf3x.o) (__fp_inf)
g:/dokumenty/mkclipse/avr toolchain/bin/../lib/gcc/avr/4.9.2/../../../../avr/lib/avr5\libm.a(fp_nan.o)
                              g:/dokumenty/mkclipse/avr toolchain/bin/../lib/gcc/avr/4.9.2/../../../../avr/lib/avr5\libm.a(addsf3x.o) (__fp_nan)
g:/dokumenty/mkclipse/avr toolchain/bin/../lib/gcc/avr/4.9.2/../../../../avr/lib/avr5\libm.a(fp_pscA.o)
                              g:/dokumenty/mkclipse/avr toolchain/bin/../lib/gcc/avr/4.9.2/../../../../avr/lib/avr5\libm.a(addsf3x.o) (__fp_pscA)
g:/dokumenty/mkclipse/avr toolchain/bin/../lib/gcc/avr/4.9.2/../../../../avr/lib/avr5\libm.a(fp_pscB.o)
                              g:/dokumenty/mkclipse/avr toolchain/bin/../lib/gcc/avr/4.9.2/../../../../avr/lib/avr5\libm.a(addsf3x.o) (__fp_pscB)
g:/dokumenty/mkclipse/avr toolchain/bin/../lib/gcc/avr/4.9.2/../../../../avr/lib/avr5\libm.a(fp_round.o)
                              g:/dokumenty/mkclipse/avr toolchain/bin/../lib/gcc/avr/4.9.2/../../../../avr/lib/avr5\libm.a(addsf3.o) (__fp_round)
g:/dokumenty/mkclipse/avr toolchain/bin/../lib/gcc/avr/4.9.2/../../../../avr/lib/avr5\libm.a(fp_split3.o)
                              g:/dokumenty/mkclipse/avr toolchain/bin/../lib/gcc/avr/4.9.2/../../../../avr/lib/avr5\libm.a(addsf3x.o) (__fp_split3)
g:/dokumenty/mkclipse/avr toolchain/bin/../lib/gcc/avr/4.9.2/../../../../avr/lib/avr5\libm.a(fp_zero.o)
                              g:/dokumenty/mkclipse/avr toolchain/bin/../lib/gcc/avr/4.9.2/../../../../avr/lib/avr5\libm.a(addsf3x.o) (__fp_zero)
g:/dokumenty/mkclipse/avr toolchain/bin/../lib/gcc/avr/4.9.2/../../../../avr/lib/avr5\libm.a(gesf2.o)
                              Release/main.o (__gtsf2)
g:/dokumenty/mkclipse/avr toolchain/bin/../lib/gcc/avr/4.9.2/../../../../avr/lib/avr5\libm.a(mulsf3.o)
                              Release/bmp280.o (__mulsf3)
g:/dokumenty/mkclipse/avr toolchain/bin/../lib/gcc/avr/4.9.2/../../../../avr/lib/avr5\libm.a(mulsf3x.o)
                              g:/dokumenty/mkclipse/avr toolchain/bin/../lib/gcc/avr/4.9.2/../../../../avr/lib/avr5\libm.a(mulsf3.o) (__mulsf3x)
g:/dokumenty/mkclipse/avr toolchain/bin/../lib/gcc/avr/4.9.2/../../../../avr/lib/avr5\libc.a(dtostrf.o)
                              Release/main.o (dtostrf)
g:/dokumenty/mkclipse/avr toolchain/bin/../lib/gcc/avr/4.9.2/../../../../avr/lib/avr5\libc.a(sprintf.o)
                              Release/main.o (sprintf)
g:/dokumenty/mkclipse/avr toolchain/bin/../lib/gcc/avr/4.9.2/../../../../avr/lib/avr5\libc.a(vfprintf_std.o)
                              g:/dokumenty/mkclipse/avr toolchain/bin/../lib/gcc/avr/4.9.2/../../../../avr/lib/avr5\libc.a(sprintf.o) (vfprintf)
g:/dokumenty/mkclipse/avr toolchain/bin/../lib/gcc/avr/4.9.2/../../../../avr/lib/avr5\libc.a(dtoa_prf.o)
                              g:/dokumenty/mkclipse/avr toolchain/bin/../lib/gcc/avr/4.9.2/../../../../avr/lib/avr5\libc.a(dtostrf.o) (dtoa_prf)
g:/dokumenty/mkclipse/avr toolchain/bin/../lib/gcc/avr/4.9.2/../../../../avr/lib/avr5\libc.a(ftoa_engine.o)
                              g:/dokumenty/mkclipse/avr toolchain/bin/../lib/gcc/avr/4.9.2/../../../../avr/lib/avr5\libc.a(dtoa_prf.o) (__ftoa_engine)
g:/dokumenty/mkclipse/avr toolchain/bin/../lib/gcc/avr/4.9.2/../../../../avr/lib/avr5\libc.a(strnlen_P.o)
                              g:/dokumenty/mkclipse/avr toolchain/bin/../lib/gcc/avr/4.9.2/../../../../avr/lib/avr5\libc.a(vfprintf_std.o) (strnlen_P)
g:/dokumenty/mkclipse/avr toolchain/bin/../lib/gcc/avr/4.9.2/../../../../avr/lib/avr5\libc.a(strnlen.o)
                              g:/dokumenty/mkclipse/avr toolchain/bin/../lib/gcc/avr/4.9.2/../../../../avr/lib/avr5\libc.a(vfprintf_std.o) (strnlen)
g:/dokumenty/mkclipse/avr toolchain/bin/../lib/gcc/avr/4.9.2/../../../../avr/lib/avr5\libc.a(fputc.o)
                              g:/dokumenty/mkclipse/avr toolchain/bin/../lib/gcc/avr/4.9.2/../../../../avr/lib/avr5\libc.a(vfprintf_std.o) (fputc)
g:/dokumenty/mkclipse/avr toolchain/bin/../lib/gcc/avr/4.9.2/../../../../avr/lib/avr5\libc.a(ultoa_invert.o)
                              g:/dokumenty/mkclipse/avr toolchain/bin/../lib/gcc/avr/4.9.2/../../../../avr/lib/avr5\libc.a(vfprintf_std.o) (__ultoa_invert)

Discarded input sections

 .data          0x00000000        0x0 g:/dokumenty/mkclipse/avr toolchain/bin/../lib/gcc/avr/4.9.2/../../../../avr/lib/avr5/crtatmega16a.o
 .bss           0x00000000        0x0 g:/dokumenty/mkclipse/avr toolchain/bin/../lib/gcc/avr/4.9.2/../../../../avr/lib/avr5/crtatmega16a.o
 .text          0x00000000        0x0 Release/bmp280.o
 .data          0x00000000        0x0 Release/bmp280.o
 .bss           0x00000000        0x0 Release/bmp280.o
 .text.bmp280_get_status
                0x00000000       0x5a Release/bmp280.o
 .text.bmp280_get_power_mode
                0x00000000       0x52 Release/bmp280.o
 .text.bmp280_comp_temp_32bit
                0x00000000      0x118 Release/bmp280.o
 .text.bmp280_comp_pres_32bit
                0x00000000      0x2e8 Release/bmp280.o
 .text.bmp280_comp_pres_64bit
                0x00000000      0x460 Release/bmp280.o
 .text          0x00000000        0x0 Release/HD44780.o
 .data          0x00000000        0x0 Release/HD44780.o
 .bss           0x00000000        0x0 Release/HD44780.o
 .text.LCD_Home
                0x00000000       0x14 Release/HD44780.o
 .text          0x00000000        0x0 Release/main.o
 .data          0x00000000        0x0 Release/main.o
 .bss           0x00000000        0x0 Release/main.o
 .text          0x00000000        0x0 Release/mk_build.o
 .data          0x00000000        0x0 Release/mk_build.o
 .bss           0x00000000        0x0 Release/mk_build.o
 .text          0x00000000        0x0 Release/rtc.o
 .data          0x00000000        0x0 Release/rtc.o
 .bss           0x00000000        0x0 Release/rtc.o
 .text.rtcWrite
                0x00000000       0x62 Release/rtc.o
 .text.rtcSetTime
                0x00000000       0x3c Release/rtc.o
 .text.rtcSetDate
                0x00000000       0x4a Release/rtc.o
 .text          0x00000000        0x0 g:/dokumenty/mkclipse/avr toolchain/bin/../lib/gcc/avr/4.9.2/avr5\libgcc.a(_mulsi3.o)
 .data          0x00000000        0x0 g:/dokumenty/mkclipse/avr toolchain/bin/../lib/gcc/avr/4.9.2/avr5\libgcc.a(_mulsi3.o)
 .bss           0x00000000        0x0 g:/dokumenty/mkclipse/avr toolchain/bin/../lib/gcc/avr/4.9.2/avr5\libgcc.a(_mulsi3.o)
 .text.libgcc.mul
                0x00000000       0x20 g:/dokumenty/mkclipse/avr toolchain/bin/../lib/gcc/avr/4.9.2/avr5\libgcc.a(_mulsi3.o)
 .text.libgcc.div
                0x00000000        0x0 g:/dokumenty/mkclipse/avr toolchain/bin/../lib/gcc/avr/4.9.2/avr5\libgcc.a(_mulsi3.o)
 .text.libgcc   0x00000000        0x0 g:/dokumenty/mkclipse/avr toolchain/bin/../lib/gcc/avr/4.9.2/avr5\libgcc.a(_mulsi3.o)
 .text.libgcc.prologue
                0x00000000        0x0 g:/dokumenty/mkclipse/avr toolchain/bin/../lib/gcc/avr/4.9.2/avr5\libgcc.a(_mulsi3.o)
 .text.libgcc.builtins
                0x00000000        0x0 g:/dokumenty/mkclipse/avr toolchain/bin/../lib/gcc/avr/4.9.2/avr5\libgcc.a(_mulsi3.o)
 .text.libgcc.fmul
                0x00000000        0x0 g:/dokumenty/mkclipse/avr toolchain/bin/../lib/gcc/avr/4.9.2/avr5\libgcc.a(_mulsi3.o)
 .text.libgcc.fixed
                0x00000000        0x0 g:/dokumenty/mkclipse/avr toolchain/bin/../lib/gcc/avr/4.9.2/avr5\libgcc.a(_mulsi3.o)
 .text          0x00000000        0x0 g:/dokumenty/mkclipse/avr toolchain/bin/../lib/gcc/avr/4.9.2/avr5\libgcc.a(_udivmodsi4.o)
 .data          0x00000000        0x0 g:/dokumenty/mkclipse/avr toolchain/bin/../lib/gcc/avr/4.9.2/avr5\libgcc.a(_udivmodsi4.o)
 .bss           0x00000000        0x0 g:/dokumenty/mkclipse/avr toolchain/bin/../lib/gcc/avr/4.9.2/avr5\libgcc.a(_udivmodsi4.o)
 .text.libgcc.mul
                0x00000000        0x0 g:/dokumenty/mkclipse/avr toolchain/bin/../lib/gcc/avr/4.9.2/avr5\libgcc.a(_udivmodsi4.o)
 .text.libgcc   0x00000000        0x0 g:/dokumenty/mkclipse/avr toolchain/bin/../lib/gcc/avr/4.9.2/avr5\libgcc.a(_udivmodsi4.o)
 .text.libgcc.prologue
                0x00000000        0x0 g:/dokumenty/mkclipse/avr toolchain/bin/../lib/gcc/avr/4.9.2/avr5\libgcc.a(_udivmodsi4.o)
 .text.libgcc.builtins
                0x00000000        0x0 g:/dokumenty/mkclipse/avr toolchain/bin/../lib/gcc/avr/4.9.2/avr5\libgcc.a(_udivmodsi4.o)
 .text.libgcc.fmul
                0x00000000        0x0 g:/dokumenty/mkclipse/avr toolchain/bin/../lib/gcc/avr/4.9.2/avr5\libgcc.a(_udivmodsi4.o)
 .text.libgcc.fixed
                0x00000000        0x0 g:/dokumenty/mkclipse/avr toolchain/bin/../lib/gcc/avr/4.9.2/avr5\libgcc.a(_udivmodsi4.o)
 .text          0x00000000        0x0 g:/dokumenty/mkclipse/avr toolchain/bin/../lib/gcc/avr/4.9.2/avr5\libgcc.a(_exit.o)
 .data          0x00000000        0x0 g:/dokumenty/mkclipse/avr toolchain/bin/../lib/gcc/avr/4.9.2/avr5\libgcc.a(_exit.o)
 .bss           0x00000000        0x0 g:/dokumenty/mkclipse/avr toolchain/bin/../lib/gcc/avr/4.9.2/avr5\libgcc.a(_exit.o)
 .text.libgcc.mul
                0x00000000        0x0 g:/dokumenty/mkclipse/avr toolchain/bin/../lib/gcc/avr/4.9.2/avr5\libgcc.a(_exit.o)
 .text.libgcc.div
                0x00000000        0x0 g:/dokumenty/mkclipse/avr toolchain/bin/../lib/gcc/avr/4.9.2/avr5\libgcc.a(_exit.o)
 .text.libgcc   0x00000000        0x0 g:/dokumenty/mkclipse/avr toolchain/bin/../lib/gcc/avr/4.9.2/avr5\libgcc.a(_exit.o)
 .text.libgcc.prologue
                0x00000000        0x0 g:/dokumenty/mkclipse/avr toolchain/bin/../lib/gcc/avr/4.9.2/avr5\libgcc.a(_exit.o)
 .text.libgcc.builtins
                0x00000000        0x0 g:/dokumenty/mkclipse/avr toolchain/bin/../lib/gcc/avr/4.9.2/avr5\libgcc.a(_exit.o)
 .text.libgcc.fmul
                0x00000000        0x0 g:/dokumenty/mkclipse/avr toolchain/bin/../lib/gcc/avr/4.9.2/avr5\libgcc.a(_exit.o)
 .text.libgcc.fixed
                0x00000000        0x0 g:/dokumenty/mkclipse/avr toolchain/bin/../lib/gcc/avr/4.9.2/avr5\libgcc.a(_exit.o)
 .text          0x00000000        0x0 g:/dokumenty/mkclipse/avr toolchain/bin/../lib/gcc/avr/4.9.2/avr5\libgcc.a(_tablejump2.o)
 .data          0x00000000        0x0 g:/dokumenty/mkclipse/avr toolchain/bin/../lib/gcc/avr/4.9.2/avr5\libgcc.a(_tablejump2.o)
 .bss           0x00000000        0x0 g:/dokumenty/mkclipse/avr toolchain/bin/../lib/gcc/avr/4.9.2/avr5\libgcc.a(_tablejump2.o)
 .text.libgcc.mul
                0x00000000        0x0 g:/dokumenty/mkclipse/avr toolchain/bin/../lib/gcc/avr/4.9.2/avr5\libgcc.a(_tablejump2.o)
 .text.libgcc.div
                0x00000000        0x0 g:/dokumenty/mkclipse/avr toolchain/bin/../lib/gcc/avr/4.9.2/avr5\libgcc.a(_tablejump2.o)
 .text.libgcc.prologue
                0x00000000        0x0 g:/dokumenty/mkclipse/avr toolchain/bin/../lib/gcc/avr/4.9.2/avr5\libgcc.a(_tablejump2.o)
 .text.libgcc.builtins
                0x00000000        0x0 g:/dokumenty/mkclipse/avr toolchain/bin/../lib/gcc/avr/4.9.2/avr5\libgcc.a(_tablejump2.o)
 .text.libgcc.fmul
                0x00000000        0x0 g:/dokumenty/mkclipse/avr toolchain/bin/../lib/gcc/avr/4.9.2/avr5\libgcc.a(_tablejump2.o)
 .text.libgcc.fixed
                0x00000000        0x0 g:/dokumenty/mkclipse/avr toolchain/bin/../lib/gcc/avr/4.9.2/avr5\libgcc.a(_tablejump2.o)
 .text          0x00000000        0x0 g:/dokumenty/mkclipse/avr toolchain/bin/../lib/gcc/avr/4.9.2/avr5\libgcc.a(_copy_data.o)
 .data          0x00000000        0x0 g:/dokumenty/mkclipse/avr toolchain/bin/../lib/gcc/avr/4.9.2/avr5\libgcc.a(_copy_data.o)
 .bss           0x00000000        0x0 g:/dokumenty/mkclipse/avr toolchain/bin/../lib/gcc/avr/4.9.2/avr5\libgcc.a(_copy_data.o)
 .text.libgcc.mul
                0x00000000        0x0 g:/dokumenty/mkclipse/avr toolchain/bin/../lib/gcc/avr/4.9.2/avr5\libgcc.a(_copy_data.o)
 .text.libgcc.div
                0x00000000        0x0 g:/dokumenty/mkclipse/avr toolchain/bin/../lib/gcc/avr/4.9.2/avr5\libgcc.a(_copy_data.o)
 .text.libgcc   0x00000000        0x0 g:/dokumenty/mkclipse/avr toolchain/bin/../lib/gcc/avr/4.9.2/avr5\libgcc.a(_copy_data.o)
 .text.libgcc.prologue
                0x00000000        0x0 g:/dokumenty/mkclipse/avr toolchain/bin/../lib/gcc/avr/4.9.2/avr5\libgcc.a(_copy_data.o)
 .text.libgcc.builtins
                0x00000000        0x0 g:/dokumenty/mkclipse/avr toolchain/bin/../lib/gcc/avr/4.9.2/avr5\libgcc.a(_copy_data.o)
 .text.libgcc.fmul
                0x00000000        0x0 g:/dokumenty/mkclipse/avr toolchain/bin/../lib/gcc/avr/4.9.2/avr5\libgcc.a(_copy_data.o)
 .text.libgcc.fixed
                0x00000000        0x0 g:/dokumenty/mkclipse/avr toolchain/bin/../lib/gcc/avr/4.9.2/avr5\libgcc.a(_copy_data.o)
 .text          0x00000000        0x0 g:/dokumenty/mkclipse/avr toolchain/bin/../lib/gcc/avr/4.9.2/avr5\libgcc.a(_muluhisi3.o)
 .data          0x00000000        0x0 g:/dokumenty/mkclipse/avr toolchain/bin/../lib/gcc/avr/4.9.2/avr5\libgcc.a(_muluhisi3.o)
 .bss           0x00000000        0x0 g:/dokumenty/mkclipse/avr toolchain/bin/../lib/gcc/avr/4.9.2/avr5\libgcc.a(_muluhisi3.o)
 .text.libgcc.div
                0x00000000        0x0 g:/dokumenty/mkclipse/avr toolchain/bin/../lib/gcc/avr/4.9.2/avr5\libgcc.a(_muluhisi3.o)
 .text.libgcc   0x00000000        0x0 g:/dokumenty/mkclipse/avr toolchain/bin/../lib/gcc/avr/4.9.2/avr5\libgcc.a(_muluhisi3.o)
 .text.libgcc.prologue
                0x00000000        0x0 g:/dokumenty/mkclipse/avr toolchain/bin/../lib/gcc/avr/4.9.2/avr5\libgcc.a(_muluhisi3.o)
 .text.libgcc.builtins
                0x00000000        0x0 g:/dokumenty/mkclipse/avr toolchain/bin/../lib/gcc/avr/4.9.2/avr5\libgcc.a(_muluhisi3.o)
 .text.libgcc.fmul
                0x00000000        0x0 g:/dokumenty/mkclipse/avr toolchain/bin/../lib/gcc/avr/4.9.2/avr5\libgcc.a(_muluhisi3.o)
 .text.libgcc.fixed
                0x00000000        0x0 g:/dokumenty/mkclipse/avr toolchain/bin/../lib/gcc/avr/4.9.2/avr5\libgcc.a(_muluhisi3.o)
 .text          0x00000000        0x0 g:/dokumenty/mkclipse/avr toolchain/bin/../lib/gcc/avr/4.9.2/avr5\libgcc.a(_mulshisi3.o)
 .data          0x00000000        0x0 g:/dokumenty/mkclipse/avr toolchain/bin/../lib/gcc/avr/4.9.2/avr5\libgcc.a(_mulshisi3.o)
 .bss           0x00000000        0x0 g:/dokumenty/mkclipse/avr toolchain/bin/../lib/gcc/avr/4.9.2/avr5\libgcc.a(_mulshisi3.o)
 .text.libgcc.mul
                0x00000000       0x10 g:/dokumenty/mkclipse/avr toolchain/bin/../lib/gcc/avr/4.9.2/avr5\libgcc.a(_mulshisi3.o)
 .text.libgcc.div
                0x00000000        0x0 g:/dokumenty/mkclipse/avr toolchain/bin/../lib/gcc/avr/4.9.2/avr5\libgcc.a(_mulshisi3.o)
 .text.libgcc   0x00000000        0x0 g:/dokumenty/mkclipse/avr toolchain/bin/../lib/gcc/avr/4.9.2/avr5\libgcc.a(_mulshisi3.o)
 .text.libgcc.prologue
                0x00000000        0x0 g:/dokumenty/mkclipse/avr toolchain/bin/../lib/gcc/avr/4.9.2/avr5\libgcc.a(_mulshisi3.o)
 .text.libgcc.builtins
                0x00000000        0x0 g:/dokumenty/mkclipse/avr toolchain/bin/../lib/gcc/avr/4.9.2/avr5\libgcc.a(_mulshisi3.o)
 .text.libgcc.fmul
                0x00000000        0x0 g:/dokumenty/mkclipse/avr toolchain/bin/../lib/gcc/avr/4.9.2/avr5\libgcc.a(_mulshisi3.o)
 .text.libgcc.fixed
                0x00000000        0x0 g:/dokumenty/mkclipse/avr toolchain/bin/../lib/gcc/avr/4.9.2/avr5\libgcc.a(_mulshisi3.o)
 .text          0x00000000        0x0 g:/dokumenty/mkclipse/avr toolchain/bin/../lib/gcc/avr/4.9.2/avr5\libgcc.a(_muldi3.o)
 .data          0x00000000        0x0 g:/dokumenty/mkclipse/avr toolchain/bin/../lib/gcc/avr/4.9.2/avr5\libgcc.a(_muldi3.o)
 .bss           0x00000000        0x0 g:/dokumenty/mkclipse/avr toolchain/bin/../lib/gcc/avr/4.9.2/avr5\libgcc.a(_muldi3.o)
 .text.libgcc.mul
                0x00000000       0xa0 g:/dokumenty/mkclipse/avr toolchain/bin/../lib/gcc/avr/4.9.2/avr5\libgcc.a(_muldi3.o)
 .text.libgcc.div
                0x00000000        0x0 g:/dokumenty/mkclipse/avr toolchain/bin/../lib/gcc/avr/4.9.2/avr5\libgcc.a(_muldi3.o)
 .text.libgcc   0x00000000        0x0 g:/dokumenty/mkclipse/avr toolchain/bin/../lib/gcc/avr/4.9.2/avr5\libgcc.a(_muldi3.o)
 .text.libgcc.prologue
                0x00000000        0x0 g:/dokumenty/mkclipse/avr toolchain/bin/../lib/gcc/avr/4.9.2/avr5\libgcc.a(_muldi3.o)
 .text.libgcc.builtins
                0x00000000        0x0 g:/dokumenty/mkclipse/avr toolchain/bin/../lib/gcc/avr/4.9.2/avr5\libgcc.a(_muldi3.o)
 .text.libgcc.fmul
                0x00000000        0x0 g:/dokumenty/mkclipse/avr toolchain/bin/../lib/gcc/avr/4.9.2/avr5\libgcc.a(_muldi3.o)
 .text.libgcc.fixed
                0x00000000        0x0 g:/dokumenty/mkclipse/avr toolchain/bin/../lib/gcc/avr/4.9.2/avr5\libgcc.a(_muldi3.o)
 .text          0x00000000        0x0 g:/dokumenty/mkclipse/avr toolchain/bin/../lib/gcc/avr/4.9.2/avr5\libgcc.a(_muldi3_6.o)
 .data          0x00000000        0x0 g:/dokumenty/mkclipse/avr toolchain/bin/../lib/gcc/avr/4.9.2/avr5\libgcc.a(_muldi3_6.o)
 .bss           0x00000000        0x0 g:/dokumenty/mkclipse/avr toolchain/bin/../lib/gcc/avr/4.9.2/avr5\libgcc.a(_muldi3_6.o)
 .text.libgcc.mul
                0x00000000       0x12 g:/dokumenty/mkclipse/avr toolchain/bin/../lib/gcc/avr/4.9.2/avr5\libgcc.a(_muldi3_6.o)
 .text.libgcc.div
                0x00000000        0x0 g:/dokumenty/mkclipse/avr toolchain/bin/../lib/gcc/avr/4.9.2/avr5\libgcc.a(_muldi3_6.o)
 .text.libgcc   0x00000000        0x0 g:/dokumenty/mkclipse/avr toolchain/bin/../lib/gcc/avr/4.9.2/avr5\libgcc.a(_muldi3_6.o)
 .text.libgcc.prologue
                0x00000000        0x0 g:/dokumenty/mkclipse/avr toolchain/bin/../lib/gcc/avr/4.9.2/avr5\libgcc.a(_muldi3_6.o)
 .text.libgcc.builtins
                0x00000000        0x0 g:/dokumenty/mkclipse/avr toolchain/bin/../lib/gcc/avr/4.9.2/avr5\libgcc.a(_muldi3_6.o)
 .text.libgcc.fmul
                0x00000000        0x0 g:/dokumenty/mkclipse/avr toolchain/bin/../lib/gcc/avr/4.9.2/avr5\libgcc.a(_muldi3_6.o)
 .text.libgcc.fixed
                0x00000000        0x0 g:/dokumenty/mkclipse/avr toolchain/bin/../lib/gcc/avr/4.9.2/avr5\libgcc.a(_muldi3_6.o)
 .text          0x00000000        0x0 g:/dokumenty/mkclipse/avr toolchain/bin/../lib/gcc/avr/4.9.2/avr5\libgcc.a(_divdi3.o)
 .data          0x00000000        0x0 g:/dokumenty/mkclipse/avr toolchain/bin/../lib/gcc/avr/4.9.2/avr5\libgcc.a(_divdi3.o)
 .bss           0x00000000        0x0 g:/dokumenty/mkclipse/avr toolchain/bin/../lib/gcc/avr/4.9.2/avr5\libgcc.a(_divdi3.o)
 .text.libgcc.mul
                0x00000000        0x0 g:/dokumenty/mkclipse/avr toolchain/bin/../lib/gcc/avr/4.9.2/avr5\libgcc.a(_divdi3.o)
 .text.libgcc.div
                0x00000000       0x62 g:/dokumenty/mkclipse/avr toolchain/bin/../lib/gcc/avr/4.9.2/avr5\libgcc.a(_divdi3.o)
 .text.libgcc   0x00000000        0x0 g:/dokumenty/mkclipse/avr toolchain/bin/../lib/gcc/avr/4.9.2/avr5\libgcc.a(_divdi3.o)
 .text.libgcc.prologue
                0x00000000        0x0 g:/dokumenty/mkclipse/avr toolchain/bin/../lib/gcc/avr/4.9.2/avr5\libgcc.a(_divdi3.o)
 .text.libgcc.builtins
                0x00000000        0x0 g:/dokumenty/mkclipse/avr toolchain/bin/../lib/gcc/avr/4.9.2/avr5\libgcc.a(_divdi3.o)
 .text.libgcc.fmul
                0x00000000        0x0 g:/dokumenty/mkclipse/avr toolchain/bin/../lib/gcc/avr/4.9.2/avr5\libgcc.a(_divdi3.o)
 .text.libgcc.fixed
                0x00000000        0x0 g:/dokumenty/mkclipse/avr toolchain/bin/../lib/gcc/avr/4.9.2/avr5\libgcc.a(_divdi3.o)
 .text          0x00000000        0x0 g:/dokumenty/mkclipse/avr toolchain/bin/../lib/gcc/avr/4.9.2/avr5\libgcc.a(_udivdi3.o)
 .data          0x00000000        0x0 g:/dokumenty/mkclipse/avr toolchain/bin/../lib/gcc/avr/4.9.2/avr5\libgcc.a(_udivdi3.o)
 .bss           0x00000000        0x0 g:/dokumenty/mkclipse/avr toolchain/bin/../lib/gcc/avr/4.9.2/avr5\libgcc.a(_udivdi3.o)
 .text.libgcc.mul
                0x00000000        0x0 g:/dokumenty/mkclipse/avr toolchain/bin/../lib/gcc/avr/4.9.2/avr5\libgcc.a(_udivdi3.o)
 .text.libgcc.div
                0x00000000       0x1c g:/dokumenty/mkclipse/avr toolchain/bin/../lib/gcc/avr/4.9.2/avr5\libgcc.a(_udivdi3.o)
 .text.libgcc   0x00000000        0x0 g:/dokumenty/mkclipse/avr toolchain/bin/../lib/gcc/avr/4.9.2/avr5\libgcc.a(_udivdi3.o)
 .text.libgcc.prologue
                0x00000000        0x0 g:/dokumenty/mkclipse/avr toolchain/bin/../lib/gcc/avr/4.9.2/avr5\libgcc.a(_udivdi3.o)
 .text.libgcc.builtins
                0x00000000        0x0 g:/dokumenty/mkclipse/avr toolchain/bin/../lib/gcc/avr/4.9.2/avr5\libgcc.a(_udivdi3.o)
 .text.libgcc.fmul
                0x00000000        0x0 g:/dokumenty/mkclipse/avr toolchain/bin/../lib/gcc/avr/4.9.2/avr5\libgcc.a(_udivdi3.o)
 .text.libgcc.fixed
                0x00000000        0x0 g:/dokumenty/mkclipse/avr toolchain/bin/../lib/gcc/avr/4.9.2/avr5\libgcc.a(_udivdi3.o)
 .text          0x00000000        0x0 g:/dokumenty/mkclipse/avr toolchain/bin/../lib/gcc/avr/4.9.2/avr5\libgcc.a(_udivmod64.o)
 .data          0x00000000        0x0 g:/dokumenty/mkclipse/avr toolchain/bin/../lib/gcc/avr/4.9.2/avr5\libgcc.a(_udivmod64.o)
 .bss           0x00000000        0x0 g:/dokumenty/mkclipse/avr toolchain/bin/../lib/gcc/avr/4.9.2/avr5\libgcc.a(_udivmod64.o)
 .text.libgcc.mul
                0x00000000        0x0 g:/dokumenty/mkclipse/avr toolchain/bin/../lib/gcc/avr/4.9.2/avr5\libgcc.a(_udivmod64.o)
 .text.libgcc.div
                0x00000000       0xa2 g:/dokumenty/mkclipse/avr toolchain/bin/../lib/gcc/avr/4.9.2/avr5\libgcc.a(_udivmod64.o)
 .text.libgcc   0x00000000        0x0 g:/dokumenty/mkclipse/avr toolchain/bin/../lib/gcc/avr/4.9.2/avr5\libgcc.a(_udivmod64.o)
 .text.libgcc.prologue
                0x00000000        0x0 g:/dokumenty/mkclipse/avr toolchain/bin/../lib/gcc/avr/4.9.2/avr5\libgcc.a(_udivmod64.o)
 .text.libgcc.builtins
                0x00000000        0x0 g:/dokumenty/mkclipse/avr toolchain/bin/../lib/gcc/avr/4.9.2/avr5\libgcc.a(_udivmod64.o)
 .text.libgcc.fmul
                0x00000000        0x0 g:/dokumenty/mkclipse/avr toolchain/bin/../lib/gcc/avr/4.9.2/avr5\libgcc.a(_udivmod64.o)
 .text.libgcc.fixed
                0x00000000        0x0 g:/dokumenty/mkclipse/avr toolchain/bin/../lib/gcc/avr/4.9.2/avr5\libgcc.a(_udivmod64.o)
 .text          0x00000000        0x0 g:/dokumenty/mkclipse/avr toolchain/bin/../lib/gcc/avr/4.9.2/avr5\libgcc.a(_negdi2.o)
 .data          0x00000000        0x0 g:/dokumenty/mkclipse/avr toolchain/bin/../lib/gcc/avr/4.9.2/avr5\libgcc.a(_negdi2.o)
 .bss           0x00000000        0x0 g:/dokumenty/mkclipse/avr toolchain/bin/../lib/gcc/avr/4.9.2/avr5\libgcc.a(_negdi2.o)
 .text.libgcc.mul
                0x00000000        0x0 g:/dokumenty/mkclipse/avr toolchain/bin/../lib/gcc/avr/4.9.2/avr5\libgcc.a(_negdi2.o)
 .text.libgcc.div
                0x00000000        0x0 g:/dokumenty/mkclipse/avr toolchain/bin/../lib/gcc/avr/4.9.2/avr5\libgcc.a(_negdi2.o)
 .text.libgcc   0x00000000       0x20 g:/dokumenty/mkclipse/avr toolchain/bin/../lib/gcc/avr/4.9.2/avr5\libgcc.a(_negdi2.o)
 .text.libgcc.prologue
                0x00000000        0x0 g:/dokumenty/mkclipse/avr toolchain/bin/../lib/gcc/avr/4.9.2/avr5\libgcc.a(_negdi2.o)
 .text.libgcc.builtins
                0x00000000        0x0 g:/dokumenty/mkclipse/avr toolchain/bin/../lib/gcc/avr/4.9.2/avr5\libgcc.a(_negdi2.o)
 .text.libgcc.fmul
                0x00000000        0x0 g:/dokumenty/mkclipse/avr toolchain/bin/../lib/gcc/avr/4.9.2/avr5\libgcc.a(_negdi2.o)
 .text.libgcc.fixed
                0x00000000        0x0 g:/dokumenty/mkclipse/avr toolchain/bin/../lib/gcc/avr/4.9.2/avr5\libgcc.a(_negdi2.o)
 .text          0x00000000        0x0 g:/dokumenty/mkclipse/avr toolchain/bin/../lib/gcc/avr/4.9.2/avr5\libgcc.a(_prologue.o)
 .data          0x00000000        0x0 g:/dokumenty/mkclipse/avr toolchain/bin/../lib/gcc/avr/4.9.2/avr5\libgcc.a(_prologue.o)
 .bss           0x00000000        0x0 g:/dokumenty/mkclipse/avr toolchain/bin/../lib/gcc/avr/4.9.2/avr5\libgcc.a(_prologue.o)
 .text.libgcc.mul
                0x00000000        0x0 g:/dokumenty/mkclipse/avr toolchain/bin/../lib/gcc/avr/4.9.2/avr5\libgcc.a(_prologue.o)
 .text.libgcc.div
                0x00000000        0x0 g:/dokumenty/mkclipse/avr toolchain/bin/../lib/gcc/avr/4.9.2/avr5\libgcc.a(_prologue.o)
 .text.libgcc   0x00000000        0x0 g:/dokumenty/mkclipse/avr toolchain/bin/../lib/gcc/avr/4.9.2/avr5\libgcc.a(_prologue.o)
 .text.libgcc.builtins
                0x00000000        0x0 g:/dokumenty/mkclipse/avr toolchain/bin/../lib/gcc/avr/4.9.2/avr5\libgcc.a(_prologue.o)
 .text.libgcc.fmul
                0x00000000        0x0 g:/dokumenty/mkclipse/avr toolchain/bin/../lib/gcc/avr/4.9.2/avr5\libgcc.a(_prologue.o)
 .text.libgcc.fixed
                0x00000000        0x0 g:/dokumenty/mkclipse/avr toolchain/bin/../lib/gcc/avr/4.9.2/avr5\libgcc.a(_prologue.o)
 .text          0x00000000        0x0 g:/dokumenty/mkclipse/avr toolchain/bin/../lib/gcc/avr/4.9.2/avr5\libgcc.a(_epilogue.o)
 .data          0x00000000        0x0 g:/dokumenty/mkclipse/avr toolchain/bin/../lib/gcc/avr/4.9.2/avr5\libgcc.a(_epilogue.o)
 .bss           0x00000000        0x0 g:/dokumenty/mkclipse/avr toolchain/bin/../lib/gcc/avr/4.9.2/avr5\libgcc.a(_epilogue.o)
 .text.libgcc.mul
                0x00000000        0x0 g:/dokumenty/mkclipse/avr toolchain/bin/../lib/gcc/avr/4.9.2/avr5\libgcc.a(_epilogue.o)
 .text.libgcc.div
                0x00000000        0x0 g:/dokumenty/mkclipse/avr toolchain/bin/../lib/gcc/avr/4.9.2/avr5\libgcc.a(_epilogue.o)
 .text.libgcc   0x00000000        0x0 g:/dokumenty/mkclipse/avr toolchain/bin/../lib/gcc/avr/4.9.2/avr5\libgcc.a(_epilogue.o)
 .text.libgcc.builtins
                0x00000000        0x0 g:/dokumenty/mkclipse/avr toolchain/bin/../lib/gcc/avr/4.9.2/avr5\libgcc.a(_epilogue.o)
 .text.libgcc.fmul
                0x00000000        0x0 g:/dokumenty/mkclipse/avr toolchain/bin/../lib/gcc/avr/4.9.2/avr5\libgcc.a(_epilogue.o)
 .text.libgcc.fixed
                0x00000000        0x0 g:/dokumenty/mkclipse/avr toolchain/bin/../lib/gcc/avr/4.9.2/avr5\libgcc.a(_epilogue.o)
 .text          0x00000000        0x0 g:/dokumenty/mkclipse/avr toolchain/bin/../lib/gcc/avr/4.9.2/avr5\libgcc.a(_ashldi3.o)
 .data          0x00000000        0x0 g:/dokumenty/mkclipse/avr toolchain/bin/../lib/gcc/avr/4.9.2/avr5\libgcc.a(_ashldi3.o)
 .bss           0x00000000        0x0 g:/dokumenty/mkclipse/avr toolchain/bin/../lib/gcc/avr/4.9.2/avr5\libgcc.a(_ashldi3.o)
 .text.libgcc.mul
                0x00000000        0x0 g:/dokumenty/mkclipse/avr toolchain/bin/../lib/gcc/avr/4.9.2/avr5\libgcc.a(_ashldi3.o)
 .text.libgcc.div
                0x00000000        0x0 g:/dokumenty/mkclipse/avr toolchain/bin/../lib/gcc/avr/4.9.2/avr5\libgcc.a(_ashldi3.o)
 .text.libgcc   0x00000000        0x0 g:/dokumenty/mkclipse/avr toolchain/bin/../lib/gcc/avr/4.9.2/avr5\libgcc.a(_ashldi3.o)
 .text.libgcc.prologue
                0x00000000        0x0 g:/dokumenty/mkclipse/avr toolchain/bin/../lib/gcc/avr/4.9.2/avr5\libgcc.a(_ashldi3.o)
 .text.libgcc.builtins
                0x00000000       0x32 g:/dokumenty/mkclipse/avr toolchain/bin/../lib/gcc/avr/4.9.2/avr5\libgcc.a(_ashldi3.o)
 .text.libgcc.fmul
                0x00000000        0x0 g:/dokumenty/mkclipse/avr toolchain/bin/../lib/gcc/avr/4.9.2/avr5\libgcc.a(_ashldi3.o)
 .text.libgcc.fixed
                0x00000000        0x0 g:/dokumenty/mkclipse/avr toolchain/bin/../lib/gcc/avr/4.9.2/avr5\libgcc.a(_ashldi3.o)
 .text          0x00000000        0x0 g:/dokumenty/mkclipse/avr toolchain/bin/../lib/gcc/avr/4.9.2/avr5\libgcc.a(_ashrdi3.o)
 .data          0x00000000        0x0 g:/dokumenty/mkclipse/avr toolchain/bin/../lib/gcc/avr/4.9.2/avr5\libgcc.a(_ashrdi3.o)
 .bss           0x00000000        0x0 g:/dokumenty/mkclipse/avr toolchain/bin/../lib/gcc/avr/4.9.2/avr5\libgcc.a(_ashrdi3.o)
 .text.libgcc.mul
                0x00000000        0x0 g:/dokumenty/mkclipse/avr toolchain/bin/../lib/gcc/avr/4.9.2/avr5\libgcc.a(_ashrdi3.o)
 .text.libgcc.div
                0x00000000        0x0 g:/dokumenty/mkclipse/avr toolchain/bin/../lib/gcc/avr/4.9.2/avr5\libgcc.a(_ashrdi3.o)
 .text.libgcc   0x00000000        0x0 g:/dokumenty/mkclipse/avr toolchain/bin/../lib/gcc/avr/4.9.2/avr5\libgcc.a(_ashrdi3.o)
 .text.libgcc.prologue
                0x00000000        0x0 g:/dokumenty/mkclipse/avr toolchain/bin/../lib/gcc/avr/4.9.2/avr5\libgcc.a(_ashrdi3.o)
 .text.libgcc.builtins
                0x00000000       0x3c g:/dokumenty/mkclipse/avr toolchain/bin/../lib/gcc/avr/4.9.2/avr5\libgcc.a(_ashrdi3.o)
 .text.libgcc.fmul
                0x00000000        0x0 g:/dokumenty/mkclipse/avr toolchain/bin/../lib/gcc/avr/4.9.2/avr5\libgcc.a(_ashrdi3.o)
 .text.libgcc.fixed
                0x00000000        0x0 g:/dokumenty/mkclipse/avr toolchain/bin/../lib/gcc/avr/4.9.2/avr5\libgcc.a(_ashrdi3.o)
 .text          0x00000000        0x0 g:/dokumenty/mkclipse/avr toolchain/bin/../lib/gcc/avr/4.9.2/avr5\libgcc.a(_adddi3.o)
 .data          0x00000000        0x0 g:/dokumenty/mkclipse/avr toolchain/bin/../lib/gcc/avr/4.9.2/avr5\libgcc.a(_adddi3.o)
 .bss           0x00000000        0x0 g:/dokumenty/mkclipse/avr toolchain/bin/../lib/gcc/avr/4.9.2/avr5\libgcc.a(_adddi3.o)
 .text.libgcc.mul
                0x00000000        0x0 g:/dokumenty/mkclipse/avr toolchain/bin/../lib/gcc/avr/4.9.2/avr5\libgcc.a(_adddi3.o)
 .text.libgcc.div
                0x00000000        0x0 g:/dokumenty/mkclipse/avr toolchain/bin/../lib/gcc/avr/4.9.2/avr5\libgcc.a(_adddi3.o)
 .text.libgcc   0x00000000       0x12 g:/dokumenty/mkclipse/avr toolchain/bin/../lib/gcc/avr/4.9.2/avr5\libgcc.a(_adddi3.o)
 .text.libgcc.prologue
                0x00000000        0x0 g:/dokumenty/mkclipse/avr toolchain/bin/../lib/gcc/avr/4.9.2/avr5\libgcc.a(_adddi3.o)
 .text.libgcc.builtins
                0x00000000        0x0 g:/dokumenty/mkclipse/avr toolchain/bin/../lib/gcc/avr/4.9.2/avr5\libgcc.a(_adddi3.o)
 .text.libgcc.fmul
                0x00000000        0x0 g:/dokumenty/mkclipse/avr toolchain/bin/../lib/gcc/avr/4.9.2/avr5\libgcc.a(_adddi3.o)
 .text.libgcc.fixed
                0x00000000        0x0 g:/dokumenty/mkclipse/avr toolchain/bin/../lib/gcc/avr/4.9.2/avr5\libgcc.a(_adddi3.o)
 .text          0x00000000        0x0 g:/dokumenty/mkclipse/avr toolchain/bin/../lib/gcc/avr/4.9.2/avr5\libgcc.a(_subdi3.o)
 .data          0x00000000        0x0 g:/dokumenty/mkclipse/avr toolchain/bin/../lib/gcc/avr/4.9.2/avr5\libgcc.a(_subdi3.o)
 .bss           0x00000000        0x0 g:/dokumenty/mkclipse/avr toolchain/bin/../lib/gcc/avr/4.9.2/avr5\libgcc.a(_subdi3.o)
 .text.libgcc.mul
                0x00000000        0x0 g:/dokumenty/mkclipse/avr toolchain/bin/../lib/gcc/avr/4.9.2/avr5\libgcc.a(_subdi3.o)
 .text.libgcc.div
                0x00000000        0x0 g:/dokumenty/mkclipse/avr toolchain/bin/../lib/gcc/avr/4.9.2/avr5\libgcc.a(_subdi3.o)
 .text.libgcc   0x00000000       0x12 g:/dokumenty/mkclipse/avr toolchain/bin/../lib/gcc/avr/4.9.2/avr5\libgcc.a(_subdi3.o)
 .text.libgcc.prologue
                0x00000000        0x0 g:/dokumenty/mkclipse/avr toolchain/bin/../lib/gcc/avr/4.9.2/avr5\libgcc.a(_subdi3.o)
 .text.libgcc.builtins
                0x00000000        0x0 g:/dokumenty/mkclipse/avr toolchain/bin/../lib/gcc/avr/4.9.2/avr5\libgcc.a(_subdi3.o)
 .text.libgcc.fmul
                0x00000000        0x0 g:/dokumenty/mkclipse/avr toolchain/bin/../lib/gcc/avr/4.9.2/avr5\libgcc.a(_subdi3.o)
 .text.libgcc.fixed
                0x00000000        0x0 g:/dokumenty/mkclipse/avr toolchain/bin/../lib/gcc/avr/4.9.2/avr5\libgcc.a(_subdi3.o)
 .text          0x00000000        0x0 g:/dokumenty/mkclipse/avr toolchain/bin/../lib/gcc/avr/4.9.2/avr5\libgcc.a(_cmpdi2_s8.o)
 .data          0x00000000        0x0 g:/dokumenty/mkclipse/avr toolchain/bin/../lib/gcc/avr/4.9.2/avr5\libgcc.a(_cmpdi2_s8.o)
 .bss           0x00000000        0x0 g:/dokumenty/mkclipse/avr toolchain/bin/../lib/gcc/avr/4.9.2/avr5\libgcc.a(_cmpdi2_s8.o)
 .text.libgcc.mul
                0x00000000        0x0 g:/dokumenty/mkclipse/avr toolchain/bin/../lib/gcc/avr/4.9.2/avr5\libgcc.a(_cmpdi2_s8.o)
 .text.libgcc.div
                0x00000000        0x0 g:/dokumenty/mkclipse/avr toolchain/bin/../lib/gcc/avr/4.9.2/avr5\libgcc.a(_cmpdi2_s8.o)
 .text.libgcc   0x00000000       0x18 g:/dokumenty/mkclipse/avr toolchain/bin/../lib/gcc/avr/4.9.2/avr5\libgcc.a(_cmpdi2_s8.o)
 .text.libgcc.prologue
                0x00000000        0x0 g:/dokumenty/mkclipse/avr toolchain/bin/../lib/gcc/avr/4.9.2/avr5\libgcc.a(_cmpdi2_s8.o)
 .text.libgcc.builtins
                0x00000000        0x0 g:/dokumenty/mkclipse/avr toolchain/bin/../lib/gcc/avr/4.9.2/avr5\libgcc.a(_cmpdi2_s8.o)
 .text.libgcc.fmul
                0x00000000        0x0 g:/dokumenty/mkclipse/avr toolchain/bin/../lib/gcc/avr/4.9.2/avr5\libgcc.a(_cmpdi2_s8.o)
 .text.libgcc.fixed
                0x00000000        0x0 g:/dokumenty/mkclipse/avr toolchain/bin/../lib/gcc/avr/4.9.2/avr5\libgcc.a(_cmpdi2_s8.o)
 .text          0x00000000        0x0 g:/dokumenty/mkclipse/avr toolchain/bin/../lib/gcc/avr/4.9.2/avr5\libgcc.a(_umulhisi3.o)
 .data          0x00000000        0x0 g:/dokumenty/mkclipse/avr toolchain/bin/../lib/gcc/avr/4.9.2/avr5\libgcc.a(_umulhisi3.o)
 .bss           0x00000000        0x0 g:/dokumenty/mkclipse/avr toolchain/bin/../lib/gcc/avr/4.9.2/avr5\libgcc.a(_umulhisi3.o)
 .text.libgcc.div
                0x00000000        0x0 g:/dokumenty/mkclipse/avr toolchain/bin/../lib/gcc/avr/4.9.2/avr5\libgcc.a(_umulhisi3.o)
 .text.libgcc   0x00000000        0x0 g:/dokumenty/mkclipse/avr toolchain/bin/../lib/gcc/avr/4.9.2/avr5\libgcc.a(_umulhisi3.o)
 .text.libgcc.prologue
                0x00000000        0x0 g:/dokumenty/mkclipse/avr toolchain/bin/../lib/gcc/avr/4.9.2/avr5\libgcc.a(_umulhisi3.o)
 .text.libgcc.builtins
                0x00000000        0x0 g:/dokumenty/mkclipse/avr toolchain/bin/../lib/gcc/avr/4.9.2/avr5\libgcc.a(_umulhisi3.o)
 .text.libgcc.fmul
                0x00000000        0x0 g:/dokumenty/mkclipse/avr toolchain/bin/../lib/gcc/avr/4.9.2/avr5\libgcc.a(_umulhisi3.o)
 .text.libgcc.fixed
                0x00000000        0x0 g:/dokumenty/mkclipse/avr toolchain/bin/../lib/gcc/avr/4.9.2/avr5\libgcc.a(_umulhisi3.o)
 .text          0x00000000        0x0 g:/dokumenty/mkclipse/avr toolchain/bin/../lib/gcc/avr/4.9.2/../../../../avr/lib/avr5\libm.a(addsf3.o)
 .data          0x00000000        0x0 g:/dokumenty/mkclipse/avr toolchain/bin/../lib/gcc/avr/4.9.2/../../../../avr/lib/avr5\libm.a(addsf3.o)
 .bss           0x00000000        0x0 g:/dokumenty/mkclipse/avr toolchain/bin/../lib/gcc/avr/4.9.2/../../../../avr/lib/avr5\libm.a(addsf3.o)
 .text          0x00000000        0x0 g:/dokumenty/mkclipse/avr toolchain/bin/../lib/gcc/avr/4.9.2/../../../../avr/lib/avr5\libm.a(addsf3x.o)
 .data          0x00000000        0x0 g:/dokumenty/mkclipse/avr toolchain/bin/../lib/gcc/avr/4.9.2/../../../../avr/lib/avr5\libm.a(addsf3x.o)
 .bss           0x00000000        0x0 g:/dokumenty/mkclipse/avr toolchain/bin/../lib/gcc/avr/4.9.2/../../../../avr/lib/avr5\libm.a(addsf3x.o)
 .text          0x00000000        0x0 g:/dokumenty/mkclipse/avr toolchain/bin/../lib/gcc/avr/4.9.2/../../../../avr/lib/avr5\libm.a(cmpsf2.o)
 .data          0x00000000        0x0 g:/dokumenty/mkclipse/avr toolchain/bin/../lib/gcc/avr/4.9.2/../../../../avr/lib/avr5\libm.a(cmpsf2.o)
 .bss           0x00000000        0x0 g:/dokumenty/mkclipse/avr toolchain/bin/../lib/gcc/avr/4.9.2/../../../../avr/lib/avr5\libm.a(cmpsf2.o)
 .text          0x00000000        0x0 g:/dokumenty/mkclipse/avr toolchain/bin/../lib/gcc/avr/4.9.2/../../../../avr/lib/avr5\libm.a(divsf3.o)
 .data          0x00000000        0x0 g:/dokumenty/mkclipse/avr toolchain/bin/../lib/gcc/avr/4.9.2/../../../../avr/lib/avr5\libm.a(divsf3.o)
 .bss           0x00000000        0x0 g:/dokumenty/mkclipse/avr toolchain/bin/../lib/gcc/avr/4.9.2/../../../../avr/lib/avr5\libm.a(divsf3.o)
 .text          0x00000000        0x0 g:/dokumenty/mkclipse/avr toolchain/bin/../lib/gcc/avr/4.9.2/../../../../avr/lib/avr5\libm.a(divsf3x.o)
 .data          0x00000000        0x0 g:/dokumenty/mkclipse/avr toolchain/bin/../lib/gcc/avr/4.9.2/../../../../avr/lib/avr5\libm.a(divsf3x.o)
 .bss           0x00000000        0x0 g:/dokumenty/mkclipse/avr toolchain/bin/../lib/gcc/avr/4.9.2/../../../../avr/lib/avr5\libm.a(divsf3x.o)
 .text          0x00000000        0x0 g:/dokumenty/mkclipse/avr toolchain/bin/../lib/gcc/avr/4.9.2/../../../../avr/lib/avr5\libm.a(fixsfsi.o)
 .data          0x00000000        0x0 g:/dokumenty/mkclipse/avr toolchain/bin/../lib/gcc/avr/4.9.2/../../../../avr/lib/avr5\libm.a(fixsfsi.o)
 .bss           0x00000000        0x0 g:/dokumenty/mkclipse/avr toolchain/bin/../lib/gcc/avr/4.9.2/../../../../avr/lib/avr5\libm.a(fixsfsi.o)
 .text          0x00000000        0x0 g:/dokumenty/mkclipse/avr toolchain/bin/../lib/gcc/avr/4.9.2/../../../../avr/lib/avr5\libm.a(fixunssfsi.o)
 .data          0x00000000        0x0 g:/dokumenty/mkclipse/avr toolchain/bin/../lib/gcc/avr/4.9.2/../../../../avr/lib/avr5\libm.a(fixunssfsi.o)
 .bss           0x00000000        0x0 g:/dokumenty/mkclipse/avr toolchain/bin/../lib/gcc/avr/4.9.2/../../../../avr/lib/avr5\libm.a(fixunssfsi.o)
 .text          0x00000000        0x0 g:/dokumenty/mkclipse/avr toolchain/bin/../lib/gcc/avr/4.9.2/../../../../avr/lib/avr5\libm.a(floatsisf.o)
 .data          0x00000000        0x0 g:/dokumenty/mkclipse/avr toolchain/bin/../lib/gcc/avr/4.9.2/../../../../avr/lib/avr5\libm.a(floatsisf.o)
 .bss           0x00000000        0x0 g:/dokumenty/mkclipse/avr toolchain/bin/../lib/gcc/avr/4.9.2/../../../../avr/lib/avr5\libm.a(floatsisf.o)
 .text          0x00000000        0x0 g:/dokumenty/mkclipse/avr toolchain/bin/../lib/gcc/avr/4.9.2/../../../../avr/lib/avr5\libm.a(fp_cmp.o)
 .data          0x00000000        0x0 g:/dokumenty/mkclipse/avr toolchain/bin/../lib/gcc/avr/4.9.2/../../../../avr/lib/avr5\libm.a(fp_cmp.o)
 .bss           0x00000000        0x0 g:/dokumenty/mkclipse/avr toolchain/bin/../lib/gcc/avr/4.9.2/../../../../avr/lib/avr5\libm.a(fp_cmp.o)
 .text          0x00000000        0x0 g:/dokumenty/mkclipse/avr toolchain/bin/../lib/gcc/avr/4.9.2/../../../../avr/lib/avr5\libm.a(fp_inf.o)
 .data          0x00000000        0x0 g:/dokumenty/mkclipse/avr toolchain/bin/../lib/gcc/avr/4.9.2/../../../../avr/lib/avr5\libm.a(fp_inf.o)
 .bss           0x00000000        0x0 g:/dokumenty/mkclipse/avr toolchain/bin/../lib/gcc/avr/4.9.2/../../../../avr/lib/avr5\libm.a(fp_inf.o)
 .text          0x00000000        0x0 g:/dokumenty/mkclipse/avr toolchain/bin/../lib/gcc/avr/4.9.2/../../../../avr/lib/avr5\libm.a(fp_nan.o)
 .data          0x00000000        0x0 g:/dokumenty/mkclipse/avr toolchain/bin/../lib/gcc/avr/4.9.2/../../../../avr/lib/avr5\libm.a(fp_nan.o)
 .bss           0x00000000        0x0 g:/dokumenty/mkclipse/avr toolchain/bin/../lib/gcc/avr/4.9.2/../../../../avr/lib/avr5\libm.a(fp_nan.o)
 .text          0x00000000        0x0 g:/dokumenty/mkclipse/avr toolchain/bin/../lib/gcc/avr/4.9.2/../../../../avr/lib/avr5\libm.a(fp_pscA.o)
 .data          0x00000000        0x0 g:/dokumenty/mkclipse/avr toolchain/bin/../lib/gcc/avr/4.9.2/../../../../avr/lib/avr5\libm.a(fp_pscA.o)
 .bss           0x00000000        0x0 g:/dokumenty/mkclipse/avr toolchain/bin/../lib/gcc/avr/4.9.2/../../../../avr/lib/avr5\libm.a(fp_pscA.o)
 .text          0x00000000        0x0 g:/dokumenty/mkclipse/avr toolchain/bin/../lib/gcc/avr/4.9.2/../../../../avr/lib/avr5\libm.a(fp_pscB.o)
 .data          0x00000000        0x0 g:/dokumenty/mkclipse/avr toolchain/bin/../lib/gcc/avr/4.9.2/../../../../avr/lib/avr5\libm.a(fp_pscB.o)
 .bss           0x00000000        0x0 g:/dokumenty/mkclipse/avr toolchain/bin/../lib/gcc/avr/4.9.2/../../../../avr/lib/avr5\libm.a(fp_pscB.o)
 .text          0x00000000        0x0 g:/dokumenty/mkclipse/avr toolchain/bin/../lib/gcc/avr/4.9.2/../../../../avr/lib/avr5\libm.a(fp_round.o)
 .data          0x00000000        0x0 g:/dokumenty/mkclipse/avr toolchain/bin/../lib/gcc/avr/4.9.2/../../../../avr/lib/avr5\libm.a(fp_round.o)
 .bss           0x00000000        0x0 g:/dokumenty/mkclipse/avr toolchain/bin/../lib/gcc/avr/4.9.2/../../../../avr/lib/avr5\libm.a(fp_round.o)
 .text          0x00000000        0x0 g:/dokumenty/mkclipse/avr toolchain/bin/../lib/gcc/avr/4.9.2/../../../../avr/lib/avr5\libm.a(fp_split3.o)
 .data          0x00000000        0x0 g:/dokumenty/mkclipse/avr toolchain/bin/../lib/gcc/avr/4.9.2/../../../../avr/lib/avr5\libm.a(fp_split3.o)
 .bss           0x00000000        0x0 g:/dokumenty/mkclipse/avr toolchain/bin/../lib/gcc/avr/4.9.2/../../../../avr/lib/avr5\libm.a(fp_split3.o)
 .text          0x00000000        0x0 g:/dokumenty/mkclipse/avr toolchain/bin/../lib/gcc/avr/4.9.2/../../../../avr/lib/avr5\libm.a(fp_zero.o)
 .data          0x00000000        0x0 g:/dokumenty/mkclipse/avr toolchain/bin/../lib/gcc/avr/4.9.2/../../../../avr/lib/avr5\libm.a(fp_zero.o)
 .bss           0x00000000        0x0 g:/dokumenty/mkclipse/avr toolchain/bin/../lib/gcc/avr/4.9.2/../../../../avr/lib/avr5\libm.a(fp_zero.o)
 .text          0x00000000        0x0 g:/dokumenty/mkclipse/avr toolchain/bin/../lib/gcc/avr/4.9.2/../../../../avr/lib/avr5\libm.a(gesf2.o)
 .data          0x00000000        0x0 g:/dokumenty/mkclipse/avr toolchain/bin/../lib/gcc/avr/4.9.2/../../../../avr/lib/avr5\libm.a(gesf2.o)
 .bss           0x00000000        0x0 g:/dokumenty/mkclipse/avr toolchain/bin/../lib/gcc/avr/4.9.2/../../../../avr/lib/avr5\libm.a(gesf2.o)
 .text          0x00000000        0x0 g:/dokumenty/mkclipse/avr toolchain/bin/../lib/gcc/avr/4.9.2/../../../../avr/lib/avr5\libm.a(mulsf3.o)
 .data          0x00000000        0x0 g:/dokumenty/mkclipse/avr toolchain/bin/../lib/gcc/avr/4.9.2/../../../../avr/lib/avr5\libm.a(mulsf3.o)
 .bss           0x00000000        0x0 g:/dokumenty/mkclipse/avr toolchain/bin/../lib/gcc/avr/4.9.2/../../../../avr/lib/avr5\libm.a(mulsf3.o)
 .text          0x00000000        0x0 g:/dokumenty/mkclipse/avr toolchain/bin/../lib/gcc/avr/4.9.2/../../../../avr/lib/avr5\libm.a(mulsf3x.o)
 .data          0x00000000        0x0 g:/dokumenty/mkclipse/avr toolchain/bin/../lib/gcc/avr/4.9.2/../../../../avr/lib/avr5\libm.a(mulsf3x.o)
 .bss           0x00000000        0x0 g:/dokumenty/mkclipse/avr toolchain/bin/../lib/gcc/avr/4.9.2/../../../../avr/lib/avr5\libm.a(mulsf3x.o)
 .text          0x00000000        0x0 g:/dokumenty/mkclipse/avr toolchain/bin/../lib/gcc/avr/4.9.2/../../../../avr/lib/avr5\libc.a(dtostrf.o)
 .data          0x00000000        0x0 g:/dokumenty/mkclipse/avr toolchain/bin/../lib/gcc/avr/4.9.2/../../../../avr/lib/avr5\libc.a(dtostrf.o)
 .bss           0x00000000        0x0 g:/dokumenty/mkclipse/avr toolchain/bin/../lib/gcc/avr/4.9.2/../../../../avr/lib/avr5\libc.a(dtostrf.o)
 .text          0x00000000        0x0 g:/dokumenty/mkclipse/avr toolchain/bin/../lib/gcc/avr/4.9.2/../../../../avr/lib/avr5\libc.a(sprintf.o)
 .data          0x00000000        0x0 g:/dokumenty/mkclipse/avr toolchain/bin/../lib/gcc/avr/4.9.2/../../../../avr/lib/avr5\libc.a(sprintf.o)
 .bss           0x00000000        0x0 g:/dokumenty/mkclipse/avr toolchain/bin/../lib/gcc/avr/4.9.2/../../../../avr/lib/avr5\libc.a(sprintf.o)
 .text          0x00000000        0x0 g:/dokumenty/mkclipse/avr toolchain/bin/../lib/gcc/avr/4.9.2/../../../../avr/lib/avr5\libc.a(vfprintf_std.o)
 .data          0x00000000        0x0 g:/dokumenty/mkclipse/avr toolchain/bin/../lib/gcc/avr/4.9.2/../../../../avr/lib/avr5\libc.a(vfprintf_std.o)
 .bss           0x00000000        0x0 g:/dokumenty/mkclipse/avr toolchain/bin/../lib/gcc/avr/4.9.2/../../../../avr/lib/avr5\libc.a(vfprintf_std.o)
 .text          0x00000000        0x0 g:/dokumenty/mkclipse/avr toolchain/bin/../lib/gcc/avr/4.9.2/../../../../avr/lib/avr5\libc.a(dtoa_prf.o)
 .data          0x00000000        0x0 g:/dokumenty/mkclipse/avr toolchain/bin/../lib/gcc/avr/4.9.2/../../../../avr/lib/avr5\libc.a(dtoa_prf.o)
 .bss           0x00000000        0x0 g:/dokumenty/mkclipse/avr toolchain/bin/../lib/gcc/avr/4.9.2/../../../../avr/lib/avr5\libc.a(dtoa_prf.o)
 .text          0x00000000        0x0 g:/dokumenty/mkclipse/avr toolchain/bin/../lib/gcc/avr/4.9.2/../../../../avr/lib/avr5\libc.a(ftoa_engine.o)
 .data          0x00000000        0x0 g:/dokumenty/mkclipse/avr toolchain/bin/../lib/gcc/avr/4.9.2/../../../../avr/lib/avr5\libc.a(ftoa_engine.o)
 .bss           0x00000000        0x0 g:/dokumenty/mkclipse/avr toolchain/bin/../lib/gcc/avr/4.9.2/../../../../avr/lib/avr5\libc.a(ftoa_engine.o)
 .text          0x00000000        0x0 g:/dokumenty/mkclipse/avr toolchain/bin/../lib/gcc/avr/4.9.2/../../../../avr/lib/avr5\libc.a(strnlen_P.o)
 .data          0x00000000        0x0 g:/dokumenty/mkclipse/avr toolchain/bin/../lib/gcc/avr/4.9.2/../../../../avr/lib/avr5\libc.a(strnlen_P.o)
 .bss           0x00000000        0x0 g:/dokumenty/mkclipse/avr toolchain/bin/../lib/gcc/avr/4.9.2/../../../../avr/lib/avr5\libc.a(strnlen_P.o)
 .text          0x00000000        0x0 g:/dokumenty/mkclipse/avr toolchain/bin/../lib/gcc/avr/4.9.2/../../../../avr/lib/avr5\libc.a(strnlen.o)
 .data          0x00000000        0x0 g:/dokumenty/mkclipse/avr toolchain/bin/../lib/gcc/avr/4.9.2/../../../../avr/lib/avr5\libc.a(strnlen.o)
 .bss           0x00000000        0x0 g:/dokumenty/mkclipse/avr toolchain/bin/../lib/gcc/avr/4.9.2/../../../../avr/lib/avr5\libc.a(strnlen.o)
 .text          0x00000000        0x0 g:/dokumenty/mkclipse/avr toolchain/bin/../lib/gcc/avr/4.9.2/../../../../avr/lib/avr5\libc.a(fputc.o)
 .data          0x00000000        0x0 g:/dokumenty/mkclipse/avr toolchain/bin/../lib/gcc/avr/4.9.2/../../../../avr/lib/avr5\libc.a(fputc.o)
 .bss           0x00000000        0x0 g:/dokumenty/mkclipse/avr toolchain/bin/../lib/gcc/avr/4.9.2/../../../../avr/lib/avr5\libc.a(fputc.o)
 .text          0x00000000        0x0 g:/dokumenty/mkclipse/avr toolchain/bin/../lib/gcc/avr/4.9.2/../../../../avr/lib/avr5\libc.a(ultoa_invert.o)
 .data          0x00000000        0x0 g:/dokumenty/mkclipse/avr toolchain/bin/../lib/gcc/avr/4.9.2/../../../../avr/lib/avr5\libc.a(ultoa_invert.o)
 .bss           0x00000000        0x0 g:/dokumenty/mkclipse/avr toolchain/bin/../lib/gcc/avr/4.9.2/../../../../avr/lib/avr5\libc.a(ultoa_invert.o)

Memory Configuration

Name             Origin             Length             Attributes
text             0x00000000         0x00020000         xr
data             0x00800060         0x0000ffa0         rw !x
eeprom           0x00810000         0x00010000         rw !x
fuse             0x00820000         0x00000002         rw !x
lock             0x00830000         0x00000400         rw !x
signature        0x00840000         0x00000400         rw !x
user_signatures  0x00850000         0x00000400         rw !x
*default*        0x00000000         0xffffffff

Linker script and memory map

LOAD g:/dokumenty/mkclipse/avr toolchain/bin/../lib/gcc/avr/4.9.2/../../../../avr/lib/avr5/crtatmega16a.o
LOAD Release/bmp280.o
LOAD Release/HD44780.o
LOAD Release/main.o
LOAD Release/mk_build.o
LOAD Release/rtc.o
START GROUP
LOAD g:/dokumenty/mkclipse/avr toolchain/bin/../lib/gcc/avr/4.9.2/avr5\libgcc.a
LOAD g:/dokumenty/mkclipse/avr toolchain/bin/../lib/gcc/avr/4.9.2/../../../../avr/lib/avr5\libm.a
LOAD g:/dokumenty/mkclipse/avr toolchain/bin/../lib/gcc/avr/4.9.2/../../../../avr/lib/avr5\libc.a
LOAD g:/dokumenty/mkclipse/avr toolchain/bin/../lib/gcc/avr/4.9.2/../../../../avr/lib/avr5\libatmega16a.a
END GROUP
                0x00020000                __TEXT_REGION_LENGTH__ = DEFINED (__TEXT_REGION_LENGTH__)?__TEXT_REGION_LENGTH__:0x20000
                0x0000ffa0                __DATA_REGION_LENGTH__ = DEFINED (__DATA_REGION_LENGTH__)?__DATA_REGION_LENGTH__:0xffa0
                0x00010000                __EEPROM_REGION_LENGTH__ = DEFINED (__EEPROM_REGION_LENGTH__)?__EEPROM_REGION_LENGTH__:0x10000
                [0x00000002]                __FUSE_REGION_LENGTH__ = DEFINED (__FUSE_REGION_LENGTH__)?__FUSE_REGION_LENGTH__:0x400
                0x00000400                __LOCK_REGION_LENGTH__ = DEFINED (__LOCK_REGION_LENGTH__)?__LOCK_REGION_LENGTH__:0x400
                0x00000400                __SIGNATURE_REGION_LENGTH__ = DEFINED (__SIGNATURE_REGION_LENGTH__)?__SIGNATURE_REGION_LENGTH__:0x400
                0x00000400                __USER_SIGNATURE_REGION_LENGTH__ = DEFINED (__USER_SIGNATURE_REGION_LENGTH__)?__USER_SIGNATURE_REGION_LENGTH__:0x400

.hash
 *(.hash)

.dynsym
 *(.dynsym)

.dynstr
 *(.dynstr)

.gnu.version
 *(.gnu.version)

.gnu.version_d
 *(.gnu.version_d)

.gnu.version_r
 *(.gnu.version_r)

.rel.init
 *(.rel.init)

.rela.init
 *(.rela.init)

.rel.text
 *(.rel.text)
 *(.rel.text.*)
 *(.rel.gnu.linkonce.t*)

.rela.text
 *(.rela.text)
 *(.rela.text.*)
 *(.rela.gnu.linkonce.t*)

.rel.fini
 *(.rel.fini)

.rela.fini
 *(.rela.fini)

.rel.rodata
 *(.rel.rodata)
 *(.rel.rodata.*)
 *(.rel.gnu.linkonce.r*)

.rela.rodata
 *(.rela.rodata)
 *(.rela.rodata.*)
 *(.rela.gnu.linkonce.r*)

.rel.data
 *(.rel.data)
 *(.rel.data.*)
 *(.rel.gnu.linkonce.d*)

.rela.data
 *(.rela.data)
 *(.rela.data.*)
 *(.rela.gnu.linkonce.d*)

.rel.ctors
 *(.rel.ctors)

.rela.ctors
 *(.rela.ctors)

.rel.dtors
 *(.rel.dtors)

.rela.dtors
 *(.rela.dtors)

.rel.got
 *(.rel.got)

.rela.got
 *(.rela.got)

.rel.bss
 *(.rel.bss)

.rela.bss
 *(.rela.bss)

.rel.plt
 *(.rel.plt)

.rela.plt
 *(.rela.plt)

.text           0x00000000     0x2672
 *(.vectors)
 .vectors       0x00000000       0x54 g:/dokumenty/mkclipse/avr toolchain/bin/../lib/gcc/avr/4.9.2/../../../../avr/lib/avr5/crtatmega16a.o
                0x00000000                __vector_default
                0x00000000                __vectors
 *(.vectors)
 *(.progmem.gcc*)
 .progmem.gcc_sw_table.rtcGetAll
                0x00000054        0xe Release/rtc.o
                0x00000062                . = ALIGN (0x2)
                0x00000062                __trampolines_start = .
 *(.trampolines)
 .trampolines   0x00000062        0x0 linker stubs
 *(.trampolines*)
                0x00000062                __trampolines_end = .
 *libprintf_flt.a:*(.progmem.data)
 *libc.a:*(.progmem.data)
 .progmem.data  0x00000062       0xfa g:/dokumenty/mkclipse/avr toolchain/bin/../lib/gcc/avr/4.9.2/../../../../avr/lib/avr5\libc.a(ftoa_engine.o)
 *(.progmem*)
 .progmem.data.MkBuildTime
                0x0000015c        0x9 Release/mk_build.o
                0x0000015c                MkBuildTime
 .progmem.data.MkBuildDate
                0x00000165        0xb Release/mk_build.o
                0x00000165                MkBuildDate
 .progmem.data.MkBuildNumber
                0x00000170        0x4 Release/mk_build.o
                0x00000170                MkBuildNumber
 .progmem.data.MkBuildVersion
                0x00000174        0x6 Release/mk_build.o
                0x00000174                MkBuildVersion
                0x0000017a                . = ALIGN (0x2)
 *(.jumptables)
 *(.jumptables*)
 *(.lowtext)
 *(.lowtext*)
                0x0000017a                __ctors_start = .
 *(.ctors)
                0x0000017a                __ctors_end = .
                0x0000017a                __dtors_start = .
 *(.dtors)
                0x0000017a                __dtors_end = .
 SORT(*)(.ctors)
 SORT(*)(.dtors)
 *(.init0)
 .init0         0x0000017a        0x0 g:/dokumenty/mkclipse/avr toolchain/bin/../lib/gcc/avr/4.9.2/../../../../avr/lib/avr5/crtatmega16a.o
                0x0000017a                __init
 *(.init0)
 *(.init1)
 *(.init1)
 *(.init2)
 .init2         0x0000017a        0xc g:/dokumenty/mkclipse/avr toolchain/bin/../lib/gcc/avr/4.9.2/../../../../avr/lib/avr5/crtatmega16a.o
 *(.init2)
 *(.init3)
 *(.init3)
 *(.init4)
 .init4         0x00000186       0x16 g:/dokumenty/mkclipse/avr toolchain/bin/../lib/gcc/avr/4.9.2/avr5\libgcc.a(_copy_data.o)
                0x00000186                __do_copy_data
 *(.init4)
 *(.init5)
 *(.init5)
 *(.init6)
 *(.init6)
 *(.init7)
 *(.init7)
 *(.init8)
 *(.init8)
 *(.init9)
 .init9         0x0000019c        0x8 g:/dokumenty/mkclipse/avr toolchain/bin/../lib/gcc/avr/4.9.2/../../../../avr/lib/avr5/crtatmega16a.o
 *(.init9)
 *(.text)
 .text          0x000001a4        0x4 g:/dokumenty/mkclipse/avr toolchain/bin/../lib/gcc/avr/4.9.2/../../../../avr/lib/avr5/crtatmega16a.o
                0x000001a4                __vector_1
                0x000001a4                __vector_12
                0x000001a4                __bad_interrupt
                0x000001a4                __vector_6
                0x000001a4                __vector_3
                0x000001a4                __vector_11
                0x000001a4                __vector_13
                0x000001a4                __vector_17
                0x000001a4                __vector_19
                0x000001a4                __vector_7
                0x000001a4                __vector_5
                0x000001a4                __vector_4
                0x000001a4                __vector_9
                0x000001a4                __vector_2
                0x000001a4                __vector_15
                0x000001a4                __vector_8
                0x000001a4                __vector_14
                0x000001a4                __vector_10
                0x000001a4                __vector_16
                0x000001a4                __vector_18
                0x000001a4                __vector_20
                0x000001a8                . = ALIGN (0x2)
 *(.text.*)
 .text.null_ptr_check
                0x000001a8       0x2c Release/bmp280.o
 .text.user_SPI_read
                0x000001d4       0x28 Release/bmp280.o
                0x000001d4                user_SPI_read
 .text.user_SPI_write
                0x000001fc       0x2e Release/bmp280.o
                0x000001fc                user_SPI_write
 .text.user_delay_ms
                0x0000022a       0x22 Release/bmp280.o
                0x0000022a                user_delay_ms
 .text.bmp280_get_regs
                0x0000024c       0x54 Release/bmp280.o
                0x0000024c                bmp280_get_regs
 .text.bmp280_set_regs
                0x000002a0      0x102 Release/bmp280.o
                0x000002a0                bmp280_set_regs
 .text.bmp280_soft_reset
                0x000003a2       0x60 Release/bmp280.o
                0x000003a2                bmp280_soft_reset
 .text.conf_sensor
                0x00000402      0x112 Release/bmp280.o
 .text.bmp280_init
                0x00000514      0x188 Release/bmp280.o
                0x00000514                bmp280_init
 .text.bmp280_get_config
                0x0000069c       0x9e Release/bmp280.o
                0x0000069c                bmp280_get_config
 .text.bmp280_set_config
                0x0000073a        0xa Release/bmp280.o
                0x0000073a                bmp280_set_config
 .text.bmp280_set_power_mode
                0x00000744       0x30 Release/bmp280.o
                0x00000744                bmp280_set_power_mode
 .text.bmp280_get_uncomp_data
                0x00000774      0x104 Release/bmp280.o
                0x00000774                bmp280_get_uncomp_data
 .text.bmp280_comp_temp_double
                0x00000878      0x150 Release/bmp280.o
                0x00000878                bmp280_comp_temp_double
 .text.bmp280_comp_pres_double
                0x000009c8      0x308 Release/bmp280.o
                0x000009c8                bmp280_comp_pres_double
 .text.bmp280_compute_meas_time
                0x00000cd0       0xb0 Release/bmp280.o
                0x00000cd0                bmp280_compute_meas_time
 .text.initSensor
                0x00000d80      0x118 Release/bmp280.o
                0x00000d80                initSensor
 .text._LCD_OutNibble
                0x00000e98       0x2a Release/HD44780.o
                0x00000e98                _LCD_OutNibble
 .text._LCD_Write
                0x00000ec2       0x26 Release/HD44780.o
                0x00000ec2                _LCD_Write
 .text.LCD_WriteCommand
                0x00000ee8        0x6 Release/HD44780.o
                0x00000ee8                LCD_WriteCommand
 .text.LCD_WriteData
                0x00000eee        0x6 Release/HD44780.o
                0x00000eee                LCD_WriteData
 .text.LCD_WriteText
                0x00000ef4       0x18 Release/HD44780.o
                0x00000ef4                LCD_WriteText
 .text.LCD_GoTo
                0x00000f0c        0xe Release/HD44780.o
                0x00000f0c                LCD_GoTo
 .text.LCD_Clear
                0x00000f1a       0x14 Release/HD44780.o
                0x00000f1a                LCD_Clear
 .text.LCD_Initalize
                0x00000f2e       0x7c Release/HD44780.o
                0x00000f2e                LCD_Initalize
 .text.initSPI  0x00000faa       0x14 Release/main.o
                0x00000faa                initSPI
 .text.initButtons
                0x00000fbe        0xa Release/main.o
                0x00000fbe                initButtons
 .text.initDiodes
                0x00000fc8      0x172 Release/main.o
                0x00000fc8                initDiodes
 .text.startup.main
                0x0000113a      0x3b6 Release/main.o
                0x0000113a                main
 .text.rtcInit  0x000014f0        0xc Release/rtc.o
                0x000014f0                rtcInit
 .text.rtcRead  0x000014fc       0x6a Release/rtc.o
                0x000014fc                rtcRead
 .text.rtcGetAll
                0x00001566      0x14c Release/rtc.o
                0x00001566                rtcGetAll
 .text.libgcc.div
                0x000016b2       0x44 g:/dokumenty/mkclipse/avr toolchain/bin/../lib/gcc/avr/4.9.2/avr5\libgcc.a(_udivmodsi4.o)
                0x000016b2                __udivmodsi4
 .text.libgcc   0x000016f6        0xc g:/dokumenty/mkclipse/avr toolchain/bin/../lib/gcc/avr/4.9.2/avr5\libgcc.a(_tablejump2.o)
                0x000016f6                __tablejump2__
 .text.libgcc.mul
                0x00001702       0x16 g:/dokumenty/mkclipse/avr toolchain/bin/../lib/gcc/avr/4.9.2/avr5\libgcc.a(_muluhisi3.o)
                0x00001702                __muluhisi3
 .text.libgcc.prologue
                0x00001718       0x38 g:/dokumenty/mkclipse/avr toolchain/bin/../lib/gcc/avr/4.9.2/avr5\libgcc.a(_prologue.o)
                0x00001718                __prologue_saves__
 .text.libgcc.prologue
                0x00001750       0x36 g:/dokumenty/mkclipse/avr toolchain/bin/../lib/gcc/avr/4.9.2/avr5\libgcc.a(_epilogue.o)
                0x00001750                __epilogue_restores__
 .text.libgcc.mul
                0x00001786       0x1e g:/dokumenty/mkclipse/avr toolchain/bin/../lib/gcc/avr/4.9.2/avr5\libgcc.a(_umulhisi3.o)
                0x00001786                __umulhisi3
 .text.avr-libc.fplib
                0x000017a4        0xe g:/dokumenty/mkclipse/avr toolchain/bin/../lib/gcc/avr/4.9.2/../../../../avr/lib/avr5\libm.a(addsf3.o)
                0x000017a4                __subsf3
                0x000017a6                __addsf3
 .text.avr-libc.fplib
                0x000017b2       0xcc g:/dokumenty/mkclipse/avr toolchain/bin/../lib/gcc/avr/4.9.2/../../../../avr/lib/avr5\libm.a(addsf3x.o)
                0x000017d4                __addsf3x
 .text.avr-libc.fplib
                0x0000187e        0xa g:/dokumenty/mkclipse/avr toolchain/bin/../lib/gcc/avr/4.9.2/../../../../avr/lib/avr5\libm.a(cmpsf2.o)
                0x0000187e                __nesf2
                0x0000187e                __eqsf2
                0x0000187e                __cmpsf2
                0x0000187e                __ltsf2
                0x0000187e                __lesf2
 .text.avr-libc.fplib
                0x00001888        0x8 g:/dokumenty/mkclipse/avr toolchain/bin/../lib/gcc/avr/4.9.2/../../../../avr/lib/avr5\libm.a(divsf3.o)
                0x00001888                __divsf3
 .text.avr-libc.fplib
                0x00001890       0xdc g:/dokumenty/mkclipse/avr toolchain/bin/../lib/gcc/avr/4.9.2/../../../../avr/lib/avr5\libm.a(divsf3x.o)
                0x000018b0                __divsf3x
                0x000018b6                __divsf3_pse
 .text.avr-libc.fplib
                0x0000196c        0xe g:/dokumenty/mkclipse/avr toolchain/bin/../lib/gcc/avr/4.9.2/../../../../avr/lib/avr5\libm.a(fixsfsi.o)
                0x0000196c                __fixsfsi
 .text.avr-libc.fplib
                0x0000197a       0x5e g:/dokumenty/mkclipse/avr toolchain/bin/../lib/gcc/avr/4.9.2/../../../../avr/lib/avr5\libm.a(fixunssfsi.o)
                0x0000197a                __fixunssfsi
 .text.avr-libc.fplib
                0x000019d8       0x7a g:/dokumenty/mkclipse/avr toolchain/bin/../lib/gcc/avr/4.9.2/../../../../avr/lib/avr5\libm.a(floatsisf.o)
                0x000019d8                __floatunsisf
                0x000019dc                __floatsisf
 .text.avr-libc.fplib
                0x00001a52       0x48 g:/dokumenty/mkclipse/avr toolchain/bin/../lib/gcc/avr/4.9.2/../../../../avr/lib/avr5\libm.a(fp_cmp.o)
                0x00001a52                __fp_cmp
 .text.avr-libc.fplib
                0x00001a9a        0xc g:/dokumenty/mkclipse/avr toolchain/bin/../lib/gcc/avr/4.9.2/../../../../avr/lib/avr5\libm.a(fp_inf.o)
                0x00001a9a                __fp_inf
 .text.avr-libc.fplib
                0x00001aa6        0x6 g:/dokumenty/mkclipse/avr toolchain/bin/../lib/gcc/avr/4.9.2/../../../../avr/lib/avr5\libm.a(fp_nan.o)
                0x00001aa6                __fp_nan
 .text.avr-libc.fplib
                0x00001aac        0xe g:/dokumenty/mkclipse/avr toolchain/bin/../lib/gcc/avr/4.9.2/../../../../avr/lib/avr5\libm.a(fp_pscA.o)
                0x00001aac                __fp_pscA
 .text.avr-libc.fplib
                0x00001aba        0xe g:/dokumenty/mkclipse/avr toolchain/bin/../lib/gcc/avr/4.9.2/../../../../avr/lib/avr5\libm.a(fp_pscB.o)
                0x00001aba                __fp_pscB
 .text.avr-libc.fplib
                0x00001ac8       0x22 g:/dokumenty/mkclipse/avr toolchain/bin/../lib/gcc/avr/4.9.2/../../../../avr/lib/avr5\libm.a(fp_round.o)
                0x00001ac8                __fp_round
 .text.avr-libc.fplib
                0x00001aea       0x44 g:/dokumenty/mkclipse/avr toolchain/bin/../lib/gcc/avr/4.9.2/../../../../avr/lib/avr5\libm.a(fp_split3.o)
                0x00001aea                __fp_split3
                0x00001afa                __fp_splitA
 .text.avr-libc.fplib
                0x00001b2e        0xe g:/dokumenty/mkclipse/avr toolchain/bin/../lib/gcc/avr/4.9.2/../../../../avr/lib/avr5\libm.a(fp_zero.o)
                0x00001b2e                __fp_zero
                0x00001b30                __fp_szero
 .text.avr-libc.fplib
                0x00001b3c        0xa g:/dokumenty/mkclipse/avr toolchain/bin/../lib/gcc/avr/4.9.2/../../../../avr/lib/avr5\libm.a(gesf2.o)
                0x00001b3c                __gesf2
                0x00001b3c                __gtsf2
 .text.avr-libc.fplib
                0x00001b46        0x8 g:/dokumenty/mkclipse/avr toolchain/bin/../lib/gcc/avr/4.9.2/../../../../avr/lib/avr5\libm.a(mulsf3.o)
                0x00001b46                __mulsf3
 .text.avr-libc.fplib
                0x00001b4e       0xd2 g:/dokumenty/mkclipse/avr toolchain/bin/../lib/gcc/avr/4.9.2/../../../../avr/lib/avr5\libm.a(mulsf3x.o)
                0x00001b6c                __mulsf3x
                0x00001b72                __mulsf3_pse
 .text.avr-libc
                0x00001c20       0x40 g:/dokumenty/mkclipse/avr toolchain/bin/../lib/gcc/avr/4.9.2/../../../../avr/lib/avr5\libc.a(dtostrf.o)
                0x00001c20                dtostrf
 .text.avr-libc
                0x00001c60       0x46 g:/dokumenty/mkclipse/avr toolchain/bin/../lib/gcc/avr/4.9.2/../../../../avr/lib/avr5\libc.a(sprintf.o)
                0x00001c60                sprintf
 .text.avr-libc
                0x00001ca6      0x3a4 g:/dokumenty/mkclipse/avr toolchain/bin/../lib/gcc/avr/4.9.2/../../../../avr/lib/avr5\libc.a(vfprintf_std.o)
                0x00001ca6                vfprintf
 .text.avr-libc
                0x0000204a      0x31c g:/dokumenty/mkclipse/avr toolchain/bin/../lib/gcc/avr/4.9.2/../../../../avr/lib/avr5\libc.a(dtoa_prf.o)
                0x0000204a                dtoa_prf
 .text.avr-libc
                0x00002366      0x1b0 g:/dokumenty/mkclipse/avr toolchain/bin/../lib/gcc/avr/4.9.2/../../../../avr/lib/avr5\libc.a(ftoa_engine.o)
                0x00002366                __ftoa_engine
 .text.avr-libc
                0x00002516       0x16 g:/dokumenty/mkclipse/avr toolchain/bin/../lib/gcc/avr/4.9.2/../../../../avr/lib/avr5\libc.a(strnlen_P.o)
                0x00002516                strnlen_P
 .text.avr-libc
                0x0000252c       0x16 g:/dokumenty/mkclipse/avr toolchain/bin/../lib/gcc/avr/4.9.2/../../../../avr/lib/avr5\libc.a(strnlen.o)
                0x0000252c                strnlen
 .text.avr-libc
                0x00002542       0x70 g:/dokumenty/mkclipse/avr toolchain/bin/../lib/gcc/avr/4.9.2/../../../../avr/lib/avr5\libc.a(fputc.o)
                0x00002542                fputc
 .text.avr-libc
                0x000025b2       0xbc g:/dokumenty/mkclipse/avr toolchain/bin/../lib/gcc/avr/4.9.2/../../../../avr/lib/avr5\libc.a(ultoa_invert.o)
                0x000025b2                __ultoa_invert
                0x0000266e                . = ALIGN (0x2)
 *(.fini9)
 .fini9         0x0000266e        0x0 g:/dokumenty/mkclipse/avr toolchain/bin/../lib/gcc/avr/4.9.2/avr5\libgcc.a(_exit.o)
                0x0000266e                _exit
                0x0000266e                exit
 *(.fini9)
 *(.fini8)
 *(.fini8)
 *(.fini7)
 *(.fini7)
 *(.fini6)
 *(.fini6)
 *(.fini5)
 *(.fini5)
 *(.fini4)
 *(.fini4)
 *(.fini3)
 *(.fini3)
 *(.fini2)
 *(.fini2)
 *(.fini1)
 *(.fini1)
 *(.fini0)
 .fini0         0x0000266e        0x4 g:/dokumenty/mkclipse/avr toolchain/bin/../lib/gcc/avr/4.9.2/avr5\libgcc.a(_exit.o)
 *(.fini0)
                0x00002672                _etext = .

.data           0x00800060       0xa8 load address 0x00002672
                0x00800060                PROVIDE (__data_start, .)
 *(.data)
 *(.data*)
 *(.rodata)
 *(.rodata*)
 .rodata.str1.1
                0x00800060       0x3c Release/bmp280.o
 .rodata.str1.1
                0x0080009c       0x4b Release/main.o
 .rodata.str1.1
                0x008000e7       0x20 Release/rtc.o
 *(.gnu.linkonce.d*)
                0x00800108                . = ALIGN (0x2)
 *fill*         0x00800107        0x1 
                0x00800108                _edata = .
                0x00800108                PROVIDE (__data_end, .)

.bss            0x00800108        0x0
                [!provide]                PROVIDE (__bss_start, .)
 *(.bss)
 *(.bss*)
 *(COMMON)
                [!provide]                PROVIDE (__bss_end, .)
                0x00002672                __data_load_start = LOADADDR (.data)
                0x0000271a                __data_load_end = (__data_load_start + SIZEOF (.data))

.noinit         0x00800108        0x0
                [!provide]                PROVIDE (__noinit_start, .)
 *(.noinit*)
                [!provide]                PROVIDE (__noinit_end, .)
                0x00800108                _end = .
                [!provide]                PROVIDE (__heap_start, .)

.eeprom         0x00810000        0x0
 *(.eeprom*)
                0x00810000                __eeprom_end = .

.fuse
 *(.fuse)
 *(.lfuse)
 *(.hfuse)
 *(.efuse)

.lock
 *(.lock*)

.signature
 *(.signature*)

.user_signatures
 *(.user_signatures*)

.stab
 *(.stab)

.stabstr
 *(.stabstr)

.stab.excl
 *(.stab.excl)

.stab.exclstr
 *(.stab.exclstr)

.stab.index
 *(.stab.index)

.stab.indexstr
 *(.stab.indexstr)

.comment        0x00000000       0x5c
 *(.comment)
 .comment       0x00000000       0x30 Release/bmp280.o
                                 0x31 (size before relaxing)
 .comment       0x00000030       0x31 Release/HD44780.o
 .comment       0x00000030       0x31 Release/main.o
 .comment       0x00000030       0x31 Release/mk_build.o
 .comment       0x00000030       0x31 Release/rtc.o
 .comment       0x00000030       0x31 g:/dokumenty/mkclipse/avr toolchain/bin/../lib/gcc/avr/4.9.2/../../../../avr/lib/avr5\libc.a(dtostrf.o)
 .comment       0x00000030       0x31 g:/dokumenty/mkclipse/avr toolchain/bin/../lib/gcc/avr/4.9.2/../../../../avr/lib/avr5\libc.a(sprintf.o)
 .comment       0x00000030       0x2c g:/dokumenty/mkclipse/avr toolchain/bin/../lib/gcc/avr/4.9.2/../../../../avr/lib/avr5\libc.a(vfprintf_std.o)
                                 0x2d (size before relaxing)
 .comment       0x0000005c       0x31 g:/dokumenty/mkclipse/avr toolchain/bin/../lib/gcc/avr/4.9.2/../../../../avr/lib/avr5\libc.a(dtoa_prf.o)
 .comment       0x0000005c       0x31 g:/dokumenty/mkclipse/avr toolchain/bin/../lib/gcc/avr/4.9.2/../../../../avr/lib/avr5\libc.a(fputc.o)

.note.gnu.avr.deviceinfo
                0x00000000       0x3c
 .note.gnu.avr.deviceinfo
                0x00000000       0x3c g:/dokumenty/mkclipse/avr toolchain/bin/../lib/gcc/avr/4.9.2/../../../../avr/lib/avr5/crtatmega16a.o

.note.gnu.build-id
 *(.note.gnu.build-id)

.debug
 *(.debug)

.line
 *(.line)

.debug_srcinfo
 *(.debug_srcinfo)

.debug_sfnames
 *(.debug_sfnames)

.debug_aranges
 *(.debug_aranges)

.debug_pubnames
 *(.debug_pubnames)

.debug_info     0x00000000      0x52e
 *(.debug_info .gnu.linkonce.wi.*)
 .debug_info    0x00000000      0x52e g:/dokumenty/mkclipse/avr toolchain/bin/../lib/gcc/avr/4.9.2/../../../../avr/lib/avr5/crtatmega16a.o

.debug_abbrev   0x00000000      0x4e7
 *(.debug_abbrev)
 .debug_abbrev  0x00000000      0x4e7 g:/dokumenty/mkclipse/avr toolchain/bin/../lib/gcc/avr/4.9.2/../../../../avr/lib/avr5/crtatmega16a.o

.debug_line     0x00000000       0x1a
 *(.debug_line .debug_line.* .debug_line_end)
 .debug_line    0x00000000       0x1a g:/dokumenty/mkclipse/avr toolchain/bin/../lib/gcc/avr/4.9.2/../../../../avr/lib/avr5/crtatmega16a.o

.debug_frame
 *(.debug_frame)

.debug_str      0x00000000      0x1af
 *(.debug_str)
 .debug_str     0x00000000      0x1af g:/dokumenty/mkclipse/avr toolchain/bin/../lib/gcc/avr/4.9.2/../../../../avr/lib/avr5/crtatmega16a.o

.debug_loc
 *(.debug_loc)

.debug_macinfo
 *(.debug_macinfo)

.debug_weaknames
 *(.debug_weaknames)

.debug_funcnames
 *(.debug_funcnames)

.debug_typenames
 *(.debug_typenames)

.debug_varnames
 *(.debug_varnames)

.debug_pubtypes
 *(.debug_pubtypes)

.debug_ranges
 *(.debug_ranges)

.debug_macro
 *(.debug_macro)
OUTPUT(Release/LCD.elf elf32-avr)
LOAD linker stubs
