Archive member included to satisfy reference by file (symbol)

g:/dokumenty/mkclipse/avr toolchain/bin/../lib/gcc/avr/4.9.2/avr5\libgcc.a(_exit.o)
                              g:/dokumenty/mkclipse/avr toolchain/bin/../lib/gcc/avr/4.9.2/../../../../avr/lib/avr5/crtatmega16a.o (exit)
g:/dokumenty/mkclipse/avr toolchain/bin/../lib/gcc/avr/4.9.2/avr5\libgcc.a(_tablejump2.o)
                              Release/rtc.o (__tablejump2__)
g:/dokumenty/mkclipse/avr toolchain/bin/../lib/gcc/avr/4.9.2/avr5\libgcc.a(_copy_data.o)
                              Release/main.o (__do_copy_data)
g:/dokumenty/mkclipse/avr toolchain/bin/../lib/gcc/avr/4.9.2/../../../../avr/lib/avr5\libc.a(strcpy.o)
                              Release/main.o (strcpy)
g:/dokumenty/mkclipse/avr toolchain/bin/../lib/gcc/avr/4.9.2/../../../../avr/lib/avr5\libc.a(sprintf.o)
                              Release/main.o (sprintf)
g:/dokumenty/mkclipse/avr toolchain/bin/../lib/gcc/avr/4.9.2/../../../../avr/lib/avr5\libc.a(vfprintf_std.o)
                              g:/dokumenty/mkclipse/avr toolchain/bin/../lib/gcc/avr/4.9.2/../../../../avr/lib/avr5\libc.a(sprintf.o) (vfprintf)
g:/dokumenty/mkclipse/avr toolchain/bin/../lib/gcc/avr/4.9.2/../../../../avr/lib/avr5\libc.a(strnlen_P.o)
                              g:/dokumenty/mkclipse/avr toolchain/bin/../lib/gcc/avr/4.9.2/../../../../avr/lib/avr5\libc.a(vfprintf_std.o) (strnlen_P)
g:/dokumenty/mkclipse/avr toolchain/bin/../lib/gcc/avr/4.9.2/../../../../avr/lib/avr5\libc.a(strnlen.o)
                              g:/dokumenty/mkclipse/avr toolchain/bin/../lib/gcc/avr/4.9.2/../../../../avr/lib/avr5\libc.a(vfprintf_std.o) (strnlen)
g:/dokumenty/mkclipse/avr toolchain/bin/../lib/gcc/avr/4.9.2/../../../../avr/lib/avr5\libc.a(fputc.o)
                              g:/dokumenty/mkclipse/avr toolchain/bin/../lib/gcc/avr/4.9.2/../../../../avr/lib/avr5\libc.a(vfprintf_std.o) (fputc)
g:/dokumenty/mkclipse/avr toolchain/bin/../lib/gcc/avr/4.9.2/../../../../avr/lib/avr5\libc.a(ultoa_invert.o)
                              g:/dokumenty/mkclipse/avr toolchain/bin/../lib/gcc/avr/4.9.2/../../../../avr/lib/avr5\libc.a(vfprintf_std.o) (__ultoa_invert)
g:/dokumenty/mkclipse/avr toolchain/bin/../lib/gcc/avr/4.9.2/avr5\libgcc.a(_prologue.o)
                              g:/dokumenty/mkclipse/avr toolchain/bin/../lib/gcc/avr/4.9.2/../../../../avr/lib/avr5\libc.a(sprintf.o) (__prologue_saves__)
g:/dokumenty/mkclipse/avr toolchain/bin/../lib/gcc/avr/4.9.2/avr5\libgcc.a(_epilogue.o)
                              g:/dokumenty/mkclipse/avr toolchain/bin/../lib/gcc/avr/4.9.2/../../../../avr/lib/avr5\libc.a(sprintf.o) (__epilogue_restores__)

Discarded input sections

 .data          0x00000000        0x0 g:/dokumenty/mkclipse/avr toolchain/bin/../lib/gcc/avr/4.9.2/../../../../avr/lib/avr5/crtatmega16a.o
 .bss           0x00000000        0x0 g:/dokumenty/mkclipse/avr toolchain/bin/../lib/gcc/avr/4.9.2/../../../../avr/lib/avr5/crtatmega16a.o
 .text          0x00000000        0x0 Release/dht.o
 .data          0x00000000        0x0 Release/dht.o
 .bss           0x00000000        0x0 Release/dht.o
 .text.dht_gettemperature
                0x00000000       0x1e Release/dht.o
 .text.dht_gethumidity
                0x00000000       0x1e Release/dht.o
 .text          0x00000000        0x0 Release/HD44780.o
 .data          0x00000000        0x0 Release/HD44780.o
 .bss           0x00000000        0x0 Release/HD44780.o
 .text.LCD_Home
                0x00000000       0x14 Release/HD44780.o
 .text          0x00000000        0x0 Release/main.o
 .data          0x00000000        0x0 Release/main.o
 .bss           0x00000000        0x0 Release/main.o
 .text          0x00000000        0x0 Release/mk_build.o
 .data          0x00000000        0x0 Release/mk_build.o
 .bss           0x00000000        0x0 Release/mk_build.o
 .text          0x00000000        0x0 Release/rtc.o
 .data          0x00000000        0x0 Release/rtc.o
 .bss           0x00000000        0x0 Release/rtc.o
 .text.rtcWrite
                0x00000000       0x62 Release/rtc.o
 .text.rtcSetTime
                0x00000000       0x3c Release/rtc.o
 .text.rtcSetDate
                0x00000000       0x4a Release/rtc.o
 .text          0x00000000        0x0 g:/dokumenty/mkclipse/avr toolchain/bin/../lib/gcc/avr/4.9.2/avr5\libgcc.a(_exit.o)
 .data          0x00000000        0x0 g:/dokumenty/mkclipse/avr toolchain/bin/../lib/gcc/avr/4.9.2/avr5\libgcc.a(_exit.o)
 .bss           0x00000000        0x0 g:/dokumenty/mkclipse/avr toolchain/bin/../lib/gcc/avr/4.9.2/avr5\libgcc.a(_exit.o)
 .text.libgcc.mul
                0x00000000        0x0 g:/dokumenty/mkclipse/avr toolchain/bin/../lib/gcc/avr/4.9.2/avr5\libgcc.a(_exit.o)
 .text.libgcc.div
                0x00000000        0x0 g:/dokumenty/mkclipse/avr toolchain/bin/../lib/gcc/avr/4.9.2/avr5\libgcc.a(_exit.o)
 .text.libgcc   0x00000000        0x0 g:/dokumenty/mkclipse/avr toolchain/bin/../lib/gcc/avr/4.9.2/avr5\libgcc.a(_exit.o)
 .text.libgcc.prologue
                0x00000000        0x0 g:/dokumenty/mkclipse/avr toolchain/bin/../lib/gcc/avr/4.9.2/avr5\libgcc.a(_exit.o)
 .text.libgcc.builtins
                0x00000000        0x0 g:/dokumenty/mkclipse/avr toolchain/bin/../lib/gcc/avr/4.9.2/avr5\libgcc.a(_exit.o)
 .text.libgcc.fmul
                0x00000000        0x0 g:/dokumenty/mkclipse/avr toolchain/bin/../lib/gcc/avr/4.9.2/avr5\libgcc.a(_exit.o)
 .text.libgcc.fixed
                0x00000000        0x0 g:/dokumenty/mkclipse/avr toolchain/bin/../lib/gcc/avr/4.9.2/avr5\libgcc.a(_exit.o)
 .text          0x00000000        0x0 g:/dokumenty/mkclipse/avr toolchain/bin/../lib/gcc/avr/4.9.2/avr5\libgcc.a(_tablejump2.o)
 .data          0x00000000        0x0 g:/dokumenty/mkclipse/avr toolchain/bin/../lib/gcc/avr/4.9.2/avr5\libgcc.a(_tablejump2.o)
 .bss           0x00000000        0x0 g:/dokumenty/mkclipse/avr toolchain/bin/../lib/gcc/avr/4.9.2/avr5\libgcc.a(_tablejump2.o)
 .text.libgcc.mul
                0x00000000        0x0 g:/dokumenty/mkclipse/avr toolchain/bin/../lib/gcc/avr/4.9.2/avr5\libgcc.a(_tablejump2.o)
 .text.libgcc.div
                0x00000000        0x0 g:/dokumenty/mkclipse/avr toolchain/bin/../lib/gcc/avr/4.9.2/avr5\libgcc.a(_tablejump2.o)
 .text.libgcc.prologue
                0x00000000        0x0 g:/dokumenty/mkclipse/avr toolchain/bin/../lib/gcc/avr/4.9.2/avr5\libgcc.a(_tablejump2.o)
 .text.libgcc.builtins
                0x00000000        0x0 g:/dokumenty/mkclipse/avr toolchain/bin/../lib/gcc/avr/4.9.2/avr5\libgcc.a(_tablejump2.o)
 .text.libgcc.fmul
                0x00000000        0x0 g:/dokumenty/mkclipse/avr toolchain/bin/../lib/gcc/avr/4.9.2/avr5\libgcc.a(_tablejump2.o)
 .text.libgcc.fixed
                0x00000000        0x0 g:/dokumenty/mkclipse/avr toolchain/bin/../lib/gcc/avr/4.9.2/avr5\libgcc.a(_tablejump2.o)
 .text          0x00000000        0x0 g:/dokumenty/mkclipse/avr toolchain/bin/../lib/gcc/avr/4.9.2/avr5\libgcc.a(_copy_data.o)
 .data          0x00000000        0x0 g:/dokumenty/mkclipse/avr toolchain/bin/../lib/gcc/avr/4.9.2/avr5\libgcc.a(_copy_data.o)
 .bss           0x00000000        0x0 g:/dokumenty/mkclipse/avr toolchain/bin/../lib/gcc/avr/4.9.2/avr5\libgcc.a(_copy_data.o)
 .text.libgcc.mul
                0x00000000        0x0 g:/dokumenty/mkclipse/avr toolchain/bin/../lib/gcc/avr/4.9.2/avr5\libgcc.a(_copy_data.o)
 .text.libgcc.div
                0x00000000        0x0 g:/dokumenty/mkclipse/avr toolchain/bin/../lib/gcc/avr/4.9.2/avr5\libgcc.a(_copy_data.o)
 .text.libgcc   0x00000000        0x0 g:/dokumenty/mkclipse/avr toolchain/bin/../lib/gcc/avr/4.9.2/avr5\libgcc.a(_copy_data.o)
 .text.libgcc.prologue
                0x00000000        0x0 g:/dokumenty/mkclipse/avr toolchain/bin/../lib/gcc/avr/4.9.2/avr5\libgcc.a(_copy_data.o)
 .text.libgcc.builtins
                0x00000000        0x0 g:/dokumenty/mkclipse/avr toolchain/bin/../lib/gcc/avr/4.9.2/avr5\libgcc.a(_copy_data.o)
 .text.libgcc.fmul
                0x00000000        0x0 g:/dokumenty/mkclipse/avr toolchain/bin/../lib/gcc/avr/4.9.2/avr5\libgcc.a(_copy_data.o)
 .text.libgcc.fixed
                0x00000000        0x0 g:/dokumenty/mkclipse/avr toolchain/bin/../lib/gcc/avr/4.9.2/avr5\libgcc.a(_copy_data.o)
 .text          0x00000000        0x0 g:/dokumenty/mkclipse/avr toolchain/bin/../lib/gcc/avr/4.9.2/../../../../avr/lib/avr5\libc.a(strcpy.o)
 .data          0x00000000        0x0 g:/dokumenty/mkclipse/avr toolchain/bin/../lib/gcc/avr/4.9.2/../../../../avr/lib/avr5\libc.a(strcpy.o)
 .bss           0x00000000        0x0 g:/dokumenty/mkclipse/avr toolchain/bin/../lib/gcc/avr/4.9.2/../../../../avr/lib/avr5\libc.a(strcpy.o)
 .text          0x00000000        0x0 g:/dokumenty/mkclipse/avr toolchain/bin/../lib/gcc/avr/4.9.2/../../../../avr/lib/avr5\libc.a(sprintf.o)
 .data          0x00000000        0x0 g:/dokumenty/mkclipse/avr toolchain/bin/../lib/gcc/avr/4.9.2/../../../../avr/lib/avr5\libc.a(sprintf.o)
 .bss           0x00000000        0x0 g:/dokumenty/mkclipse/avr toolchain/bin/../lib/gcc/avr/4.9.2/../../../../avr/lib/avr5\libc.a(sprintf.o)
 .text          0x00000000        0x0 g:/dokumenty/mkclipse/avr toolchain/bin/../lib/gcc/avr/4.9.2/../../../../avr/lib/avr5\libc.a(vfprintf_std.o)
 .data          0x00000000        0x0 g:/dokumenty/mkclipse/avr toolchain/bin/../lib/gcc/avr/4.9.2/../../../../avr/lib/avr5\libc.a(vfprintf_std.o)
 .bss           0x00000000        0x0 g:/dokumenty/mkclipse/avr toolchain/bin/../lib/gcc/avr/4.9.2/../../../../avr/lib/avr5\libc.a(vfprintf_std.o)
 .text          0x00000000        0x0 g:/dokumenty/mkclipse/avr toolchain/bin/../lib/gcc/avr/4.9.2/../../../../avr/lib/avr5\libc.a(strnlen_P.o)
 .data          0x00000000        0x0 g:/dokumenty/mkclipse/avr toolchain/bin/../lib/gcc/avr/4.9.2/../../../../avr/lib/avr5\libc.a(strnlen_P.o)
 .bss           0x00000000        0x0 g:/dokumenty/mkclipse/avr toolchain/bin/../lib/gcc/avr/4.9.2/../../../../avr/lib/avr5\libc.a(strnlen_P.o)
 .text          0x00000000        0x0 g:/dokumenty/mkclipse/avr toolchain/bin/../lib/gcc/avr/4.9.2/../../../../avr/lib/avr5\libc.a(strnlen.o)
 .data          0x00000000        0x0 g:/dokumenty/mkclipse/avr toolchain/bin/../lib/gcc/avr/4.9.2/../../../../avr/lib/avr5\libc.a(strnlen.o)
 .bss           0x00000000        0x0 g:/dokumenty/mkclipse/avr toolchain/bin/../lib/gcc/avr/4.9.2/../../../../avr/lib/avr5\libc.a(strnlen.o)
 .text          0x00000000        0x0 g:/dokumenty/mkclipse/avr toolchain/bin/../lib/gcc/avr/4.9.2/../../../../avr/lib/avr5\libc.a(fputc.o)
 .data          0x00000000        0x0 g:/dokumenty/mkclipse/avr toolchain/bin/../lib/gcc/avr/4.9.2/../../../../avr/lib/avr5\libc.a(fputc.o)
 .bss           0x00000000        0x0 g:/dokumenty/mkclipse/avr toolchain/bin/../lib/gcc/avr/4.9.2/../../../../avr/lib/avr5\libc.a(fputc.o)
 .text          0x00000000        0x0 g:/dokumenty/mkclipse/avr toolchain/bin/../lib/gcc/avr/4.9.2/../../../../avr/lib/avr5\libc.a(ultoa_invert.o)
 .data          0x00000000        0x0 g:/dokumenty/mkclipse/avr toolchain/bin/../lib/gcc/avr/4.9.2/../../../../avr/lib/avr5\libc.a(ultoa_invert.o)
 .bss           0x00000000        0x0 g:/dokumenty/mkclipse/avr toolchain/bin/../lib/gcc/avr/4.9.2/../../../../avr/lib/avr5\libc.a(ultoa_invert.o)
 .text          0x00000000        0x0 g:/dokumenty/mkclipse/avr toolchain/bin/../lib/gcc/avr/4.9.2/avr5\libgcc.a(_prologue.o)
 .data          0x00000000        0x0 g:/dokumenty/mkclipse/avr toolchain/bin/../lib/gcc/avr/4.9.2/avr5\libgcc.a(_prologue.o)
 .bss           0x00000000        0x0 g:/dokumenty/mkclipse/avr toolchain/bin/../lib/gcc/avr/4.9.2/avr5\libgcc.a(_prologue.o)
 .text.libgcc.mul
                0x00000000        0x0 g:/dokumenty/mkclipse/avr toolchain/bin/../lib/gcc/avr/4.9.2/avr5\libgcc.a(_prologue.o)
 .text.libgcc.div
                0x00000000        0x0 g:/dokumenty/mkclipse/avr toolchain/bin/../lib/gcc/avr/4.9.2/avr5\libgcc.a(_prologue.o)
 .text.libgcc   0x00000000        0x0 g:/dokumenty/mkclipse/avr toolchain/bin/../lib/gcc/avr/4.9.2/avr5\libgcc.a(_prologue.o)
 .text.libgcc.builtins
                0x00000000        0x0 g:/dokumenty/mkclipse/avr toolchain/bin/../lib/gcc/avr/4.9.2/avr5\libgcc.a(_prologue.o)
 .text.libgcc.fmul
                0x00000000        0x0 g:/dokumenty/mkclipse/avr toolchain/bin/../lib/gcc/avr/4.9.2/avr5\libgcc.a(_prologue.o)
 .text.libgcc.fixed
                0x00000000        0x0 g:/dokumenty/mkclipse/avr toolchain/bin/../lib/gcc/avr/4.9.2/avr5\libgcc.a(_prologue.o)
 .text          0x00000000        0x0 g:/dokumenty/mkclipse/avr toolchain/bin/../lib/gcc/avr/4.9.2/avr5\libgcc.a(_epilogue.o)
 .data          0x00000000        0x0 g:/dokumenty/mkclipse/avr toolchain/bin/../lib/gcc/avr/4.9.2/avr5\libgcc.a(_epilogue.o)
 .bss           0x00000000        0x0 g:/dokumenty/mkclipse/avr toolchain/bin/../lib/gcc/avr/4.9.2/avr5\libgcc.a(_epilogue.o)
 .text.libgcc.mul
                0x00000000        0x0 g:/dokumenty/mkclipse/avr toolchain/bin/../lib/gcc/avr/4.9.2/avr5\libgcc.a(_epilogue.o)
 .text.libgcc.div
                0x00000000        0x0 g:/dokumenty/mkclipse/avr toolchain/bin/../lib/gcc/avr/4.9.2/avr5\libgcc.a(_epilogue.o)
 .text.libgcc   0x00000000        0x0 g:/dokumenty/mkclipse/avr toolchain/bin/../lib/gcc/avr/4.9.2/avr5\libgcc.a(_epilogue.o)
 .text.libgcc.builtins
                0x00000000        0x0 g:/dokumenty/mkclipse/avr toolchain/bin/../lib/gcc/avr/4.9.2/avr5\libgcc.a(_epilogue.o)
 .text.libgcc.fmul
                0x00000000        0x0 g:/dokumenty/mkclipse/avr toolchain/bin/../lib/gcc/avr/4.9.2/avr5\libgcc.a(_epilogue.o)
 .text.libgcc.fixed
                0x00000000        0x0 g:/dokumenty/mkclipse/avr toolchain/bin/../lib/gcc/avr/4.9.2/avr5\libgcc.a(_epilogue.o)

Memory Configuration

Name             Origin             Length             Attributes
text             0x00000000         0x00020000         xr
data             0x00800060         0x0000ffa0         rw !x
eeprom           0x00810000         0x00010000         rw !x
fuse             0x00820000         0x00000002         rw !x
lock             0x00830000         0x00000400         rw !x
signature        0x00840000         0x00000400         rw !x
user_signatures  0x00850000         0x00000400         rw !x
*default*        0x00000000         0xffffffff

Linker script and memory map

LOAD g:/dokumenty/mkclipse/avr toolchain/bin/../lib/gcc/avr/4.9.2/../../../../avr/lib/avr5/crtatmega16a.o
LOAD Release/dht.o
LOAD Release/HD44780.o
LOAD Release/main.o
LOAD Release/mk_build.o
LOAD Release/rtc.o
START GROUP
LOAD g:/dokumenty/mkclipse/avr toolchain/bin/../lib/gcc/avr/4.9.2/avr5\libgcc.a
LOAD g:/dokumenty/mkclipse/avr toolchain/bin/../lib/gcc/avr/4.9.2/../../../../avr/lib/avr5\libm.a
LOAD g:/dokumenty/mkclipse/avr toolchain/bin/../lib/gcc/avr/4.9.2/../../../../avr/lib/avr5\libc.a
LOAD g:/dokumenty/mkclipse/avr toolchain/bin/../lib/gcc/avr/4.9.2/../../../../avr/lib/avr5\libatmega16a.a
END GROUP
                0x00020000                __TEXT_REGION_LENGTH__ = DEFINED (__TEXT_REGION_LENGTH__)?__TEXT_REGION_LENGTH__:0x20000
                0x0000ffa0                __DATA_REGION_LENGTH__ = DEFINED (__DATA_REGION_LENGTH__)?__DATA_REGION_LENGTH__:0xffa0
                0x00010000                __EEPROM_REGION_LENGTH__ = DEFINED (__EEPROM_REGION_LENGTH__)?__EEPROM_REGION_LENGTH__:0x10000
                [0x00000002]                __FUSE_REGION_LENGTH__ = DEFINED (__FUSE_REGION_LENGTH__)?__FUSE_REGION_LENGTH__:0x400
                0x00000400                __LOCK_REGION_LENGTH__ = DEFINED (__LOCK_REGION_LENGTH__)?__LOCK_REGION_LENGTH__:0x400
                0x00000400                __SIGNATURE_REGION_LENGTH__ = DEFINED (__SIGNATURE_REGION_LENGTH__)?__SIGNATURE_REGION_LENGTH__:0x400
                0x00000400                __USER_SIGNATURE_REGION_LENGTH__ = DEFINED (__USER_SIGNATURE_REGION_LENGTH__)?__USER_SIGNATURE_REGION_LENGTH__:0x400

.hash
 *(.hash)

.dynsym
 *(.dynsym)

.dynstr
 *(.dynstr)

.gnu.version
 *(.gnu.version)

.gnu.version_d
 *(.gnu.version_d)

.gnu.version_r
 *(.gnu.version_r)

.rel.init
 *(.rel.init)

.rela.init
 *(.rela.init)

.rel.text
 *(.rel.text)
 *(.rel.text.*)
 *(.rel.gnu.linkonce.t*)

.rela.text
 *(.rela.text)
 *(.rela.text.*)
 *(.rela.gnu.linkonce.t*)

.rel.fini
 *(.rel.fini)

.rela.fini
 *(.rela.fini)

.rel.rodata
 *(.rel.rodata)
 *(.rel.rodata.*)
 *(.rel.gnu.linkonce.r*)

.rela.rodata
 *(.rela.rodata)
 *(.rela.rodata.*)
 *(.rela.gnu.linkonce.r*)

.rel.data
 *(.rel.data)
 *(.rel.data.*)
 *(.rel.gnu.linkonce.d*)

.rela.data
 *(.rela.data)
 *(.rela.data.*)
 *(.rela.gnu.linkonce.d*)

.rel.ctors
 *(.rel.ctors)

.rela.ctors
 *(.rela.ctors)

.rel.dtors
 *(.rel.dtors)

.rela.dtors
 *(.rela.dtors)

.rel.got
 *(.rel.got)

.rela.got
 *(.rela.got)

.rel.bss
 *(.rel.bss)

.rela.bss
 *(.rela.bss)

.rel.plt
 *(.rel.plt)

.rela.plt
 *(.rela.plt)

.text           0x00000000     0x10e8
 *(.vectors)
 .vectors       0x00000000       0x54 g:/dokumenty/mkclipse/avr toolchain/bin/../lib/gcc/avr/4.9.2/../../../../avr/lib/avr5/crtatmega16a.o
                0x00000000                __vector_default
                0x00000000                __vectors
 *(.vectors)
 *(.progmem.gcc*)
 .progmem.gcc_sw_table.rtcGetAll
                0x00000054        0xe Release/rtc.o
                0x00000062                . = ALIGN (0x2)
                0x00000062                __trampolines_start = .
 *(.trampolines)
 .trampolines   0x00000062        0x0 linker stubs
 *(.trampolines*)
                0x00000062                __trampolines_end = .
 *libprintf_flt.a:*(.progmem.data)
 *libc.a:*(.progmem.data)
 *(.progmem*)
 .progmem.data.MkBuildTime
                0x00000062        0x9 Release/mk_build.o
                0x00000062                MkBuildTime
 .progmem.data.MkBuildDate
                0x0000006b        0xb Release/mk_build.o
                0x0000006b                MkBuildDate
 .progmem.data.MkBuildNumber
                0x00000076        0x4 Release/mk_build.o
                0x00000076                MkBuildNumber
 .progmem.data.MkBuildVersion
                0x0000007a        0x6 Release/mk_build.o
                0x0000007a                MkBuildVersion
                0x00000080                . = ALIGN (0x2)
 *(.jumptables)
 *(.jumptables*)
 *(.lowtext)
 *(.lowtext*)
                0x00000080                __ctors_start = .
 *(.ctors)
                0x00000080                __ctors_end = .
                0x00000080                __dtors_start = .
 *(.dtors)
                0x00000080                __dtors_end = .
 SORT(*)(.ctors)
 SORT(*)(.dtors)
 *(.init0)
 .init0         0x00000080        0x0 g:/dokumenty/mkclipse/avr toolchain/bin/../lib/gcc/avr/4.9.2/../../../../avr/lib/avr5/crtatmega16a.o
                0x00000080                __init
 *(.init0)
 *(.init1)
 *(.init1)
 *(.init2)
 .init2         0x00000080        0xc g:/dokumenty/mkclipse/avr toolchain/bin/../lib/gcc/avr/4.9.2/../../../../avr/lib/avr5/crtatmega16a.o
 *(.init2)
 *(.init3)
 *(.init3)
 *(.init4)
 .init4         0x0000008c       0x16 g:/dokumenty/mkclipse/avr toolchain/bin/../lib/gcc/avr/4.9.2/avr5\libgcc.a(_copy_data.o)
                0x0000008c                __do_copy_data
 *(.init4)
 *(.init5)
 *(.init5)
 *(.init6)
 *(.init6)
 *(.init7)
 *(.init7)
 *(.init8)
 *(.init8)
 *(.init9)
 .init9         0x000000a2        0x8 g:/dokumenty/mkclipse/avr toolchain/bin/../lib/gcc/avr/4.9.2/../../../../avr/lib/avr5/crtatmega16a.o
 *(.init9)
 *(.text)
 .text          0x000000aa        0x4 g:/dokumenty/mkclipse/avr toolchain/bin/../lib/gcc/avr/4.9.2/../../../../avr/lib/avr5/crtatmega16a.o
                0x000000aa                __vector_1
                0x000000aa                __vector_12
                0x000000aa                __bad_interrupt
                0x000000aa                __vector_6
                0x000000aa                __vector_3
                0x000000aa                __vector_11
                0x000000aa                __vector_13
                0x000000aa                __vector_17
                0x000000aa                __vector_19
                0x000000aa                __vector_7
                0x000000aa                __vector_5
                0x000000aa                __vector_4
                0x000000aa                __vector_9
                0x000000aa                __vector_2
                0x000000aa                __vector_15
                0x000000aa                __vector_8
                0x000000aa                __vector_14
                0x000000aa                __vector_10
                0x000000aa                __vector_16
                0x000000aa                __vector_18
                0x000000aa                __vector_20
                0x000000ae                . = ALIGN (0x2)
 *(.text.*)
 .text.dht_getdata
                0x000000ae      0x110 Release/dht.o
                0x000000ae                dht_getdata
 .text.dht_getdata2
                0x000001be      0x110 Release/dht.o
                0x000001be                dht_getdata2
 .text.dht_getdata3
                0x000002ce      0x110 Release/dht.o
                0x000002ce                dht_getdata3
 .text.dht_gettemperaturehumidity
                0x000003de       0x1a Release/dht.o
                0x000003de                dht_gettemperaturehumidity
 .text._LCD_OutNibble
                0x000003f8       0x2a Release/HD44780.o
                0x000003f8                _LCD_OutNibble
 .text._LCD_Write
                0x00000422       0x26 Release/HD44780.o
                0x00000422                _LCD_Write
 .text.LCD_WriteCommand
                0x00000448        0x6 Release/HD44780.o
                0x00000448                LCD_WriteCommand
 .text.LCD_WriteData
                0x0000044e        0x6 Release/HD44780.o
                0x0000044e                LCD_WriteData
 .text.LCD_WriteText
                0x00000454       0x18 Release/HD44780.o
                0x00000454                LCD_WriteText
 .text.LCD_GoTo
                0x0000046c        0xe Release/HD44780.o
                0x0000046c                LCD_GoTo
 .text.LCD_Clear
                0x0000047a       0x14 Release/HD44780.o
                0x0000047a                LCD_Clear
 .text.LCD_Initalize
                0x0000048e       0x7c Release/HD44780.o
                0x0000048e                LCD_Initalize
 .text.initButtons
                0x0000050a        0xe Release/main.o
                0x0000050a                initButtons
 .text.initDiodes
                0x00000518        0xe Release/main.o
                0x00000518                initDiodes
 .text.startup.main
                0x00000526      0x432 Release/main.o
                0x00000526                main
 .text.rtcInit  0x00000958        0xc Release/rtc.o
                0x00000958                rtcInit
 .text.rtcRead  0x00000964       0x6a Release/rtc.o
                0x00000964                rtcRead
 .text.rtcGetAll
                0x000009ce      0x14c Release/rtc.o
                0x000009ce                rtcGetAll
 .text.libgcc   0x00000b1a        0xc g:/dokumenty/mkclipse/avr toolchain/bin/../lib/gcc/avr/4.9.2/avr5\libgcc.a(_tablejump2.o)
                0x00000b1a                __tablejump2__
 .text.avr-libc
                0x00000b26        0xe g:/dokumenty/mkclipse/avr toolchain/bin/../lib/gcc/avr/4.9.2/../../../../avr/lib/avr5\libc.a(strcpy.o)
                0x00000b26                strcpy
 .text.avr-libc
                0x00000b34       0x46 g:/dokumenty/mkclipse/avr toolchain/bin/../lib/gcc/avr/4.9.2/../../../../avr/lib/avr5\libc.a(sprintf.o)
                0x00000b34                sprintf
 .text.avr-libc
                0x00000b7a      0x3a4 g:/dokumenty/mkclipse/avr toolchain/bin/../lib/gcc/avr/4.9.2/../../../../avr/lib/avr5\libc.a(vfprintf_std.o)
                0x00000b7a                vfprintf
 .text.avr-libc
                0x00000f1e       0x16 g:/dokumenty/mkclipse/avr toolchain/bin/../lib/gcc/avr/4.9.2/../../../../avr/lib/avr5\libc.a(strnlen_P.o)
                0x00000f1e                strnlen_P
 .text.avr-libc
                0x00000f34       0x16 g:/dokumenty/mkclipse/avr toolchain/bin/../lib/gcc/avr/4.9.2/../../../../avr/lib/avr5\libc.a(strnlen.o)
                0x00000f34                strnlen
 .text.avr-libc
                0x00000f4a       0x70 g:/dokumenty/mkclipse/avr toolchain/bin/../lib/gcc/avr/4.9.2/../../../../avr/lib/avr5\libc.a(fputc.o)
                0x00000f4a                fputc
 .text.avr-libc
                0x00000fba       0xbc g:/dokumenty/mkclipse/avr toolchain/bin/../lib/gcc/avr/4.9.2/../../../../avr/lib/avr5\libc.a(ultoa_invert.o)
                0x00000fba                __ultoa_invert
 .text.libgcc.prologue
                0x00001076       0x38 g:/dokumenty/mkclipse/avr toolchain/bin/../lib/gcc/avr/4.9.2/avr5\libgcc.a(_prologue.o)
                0x00001076                __prologue_saves__
 .text.libgcc.prologue
                0x000010ae       0x36 g:/dokumenty/mkclipse/avr toolchain/bin/../lib/gcc/avr/4.9.2/avr5\libgcc.a(_epilogue.o)
                0x000010ae                __epilogue_restores__
                0x000010e4                . = ALIGN (0x2)
 *(.fini9)
 .fini9         0x000010e4        0x0 g:/dokumenty/mkclipse/avr toolchain/bin/../lib/gcc/avr/4.9.2/avr5\libgcc.a(_exit.o)
                0x000010e4                _exit
                0x000010e4                exit
 *(.fini9)
 *(.fini8)
 *(.fini8)
 *(.fini7)
 *(.fini7)
 *(.fini6)
 *(.fini6)
 *(.fini5)
 *(.fini5)
 *(.fini4)
 *(.fini4)
 *(.fini3)
 *(.fini3)
 *(.fini2)
 *(.fini2)
 *(.fini1)
 *(.fini1)
 *(.fini0)
 .fini0         0x000010e4        0x4 g:/dokumenty/mkclipse/avr toolchain/bin/../lib/gcc/avr/4.9.2/avr5\libgcc.a(_exit.o)
 *(.fini0)
                0x000010e8                _etext = .

.data           0x00800060       0xbe load address 0x000010e8
                0x00800060                PROVIDE (__data_start, .)
 *(.data)
 *(.data*)
 *(.rodata)
 *(.rodata*)
 .rodata.str1.1
                0x00800060       0x9d Release/main.o
 .rodata.str1.1
                0x008000fd       0x20 Release/rtc.o
 *(.gnu.linkonce.d*)
                0x0080011e                . = ALIGN (0x2)
 *fill*         0x0080011d        0x1 
                0x0080011e                _edata = .
                0x0080011e                PROVIDE (__data_end, .)

.bss            0x0080011e        0x0
                [!provide]                PROVIDE (__bss_start, .)
 *(.bss)
 *(.bss*)
 *(COMMON)
                [!provide]                PROVIDE (__bss_end, .)
                0x000010e8                __data_load_start = LOADADDR (.data)
                0x000011a6                __data_load_end = (__data_load_start + SIZEOF (.data))

.noinit         0x0080011e        0x0
                [!provide]                PROVIDE (__noinit_start, .)
 *(.noinit*)
                [!provide]                PROVIDE (__noinit_end, .)
                0x0080011e                _end = .
                [!provide]                PROVIDE (__heap_start, .)

.eeprom         0x00810000        0x0
 *(.eeprom*)
                0x00810000                __eeprom_end = .

.fuse
 *(.fuse)
 *(.lfuse)
 *(.hfuse)
 *(.efuse)

.lock
 *(.lock*)

.signature
 *(.signature*)

.user_signatures
 *(.user_signatures*)

.stab
 *(.stab)

.stabstr
 *(.stabstr)

.stab.excl
 *(.stab.excl)

.stab.exclstr
 *(.stab.exclstr)

.stab.index
 *(.stab.index)

.stab.indexstr
 *(.stab.indexstr)

.comment        0x00000000       0x5c
 *(.comment)
 .comment       0x00000000       0x30 Release/dht.o
                                 0x31 (size before relaxing)
 .comment       0x00000030       0x31 Release/HD44780.o
 .comment       0x00000030       0x31 Release/main.o
 .comment       0x00000030       0x31 Release/mk_build.o
 .comment       0x00000030       0x31 Release/rtc.o
 .comment       0x00000030       0x31 g:/dokumenty/mkclipse/avr toolchain/bin/../lib/gcc/avr/4.9.2/../../../../avr/lib/avr5\libc.a(sprintf.o)
 .comment       0x00000030       0x2c g:/dokumenty/mkclipse/avr toolchain/bin/../lib/gcc/avr/4.9.2/../../../../avr/lib/avr5\libc.a(vfprintf_std.o)
                                 0x2d (size before relaxing)
 .comment       0x0000005c       0x31 g:/dokumenty/mkclipse/avr toolchain/bin/../lib/gcc/avr/4.9.2/../../../../avr/lib/avr5\libc.a(fputc.o)

.note.gnu.avr.deviceinfo
                0x00000000       0x3c
 .note.gnu.avr.deviceinfo
                0x00000000       0x3c g:/dokumenty/mkclipse/avr toolchain/bin/../lib/gcc/avr/4.9.2/../../../../avr/lib/avr5/crtatmega16a.o

.note.gnu.build-id
 *(.note.gnu.build-id)

.debug
 *(.debug)

.line
 *(.line)

.debug_srcinfo
 *(.debug_srcinfo)

.debug_sfnames
 *(.debug_sfnames)

.debug_aranges
 *(.debug_aranges)

.debug_pubnames
 *(.debug_pubnames)

.debug_info     0x00000000      0x52e
 *(.debug_info .gnu.linkonce.wi.*)
 .debug_info    0x00000000      0x52e g:/dokumenty/mkclipse/avr toolchain/bin/../lib/gcc/avr/4.9.2/../../../../avr/lib/avr5/crtatmega16a.o

.debug_abbrev   0x00000000      0x4e7
 *(.debug_abbrev)
 .debug_abbrev  0x00000000      0x4e7 g:/dokumenty/mkclipse/avr toolchain/bin/../lib/gcc/avr/4.9.2/../../../../avr/lib/avr5/crtatmega16a.o

.debug_line     0x00000000       0x1a
 *(.debug_line .debug_line.* .debug_line_end)
 .debug_line    0x00000000       0x1a g:/dokumenty/mkclipse/avr toolchain/bin/../lib/gcc/avr/4.9.2/../../../../avr/lib/avr5/crtatmega16a.o

.debug_frame
 *(.debug_frame)

.debug_str      0x00000000      0x1af
 *(.debug_str)
 .debug_str     0x00000000      0x1af g:/dokumenty/mkclipse/avr toolchain/bin/../lib/gcc/avr/4.9.2/../../../../avr/lib/avr5/crtatmega16a.o

.debug_loc
 *(.debug_loc)

.debug_macinfo
 *(.debug_macinfo)

.debug_weaknames
 *(.debug_weaknames)

.debug_funcnames
 *(.debug_funcnames)

.debug_typenames
 *(.debug_typenames)

.debug_varnames
 *(.debug_varnames)

.debug_pubtypes
 *(.debug_pubtypes)

.debug_ranges
 *(.debug_ranges)

.debug_macro
 *(.debug_macro)
OUTPUT(Release/BIENIU.elf elf32-avr)
LOAD linker stubs
